stm32g4xx_hal_uart.c:307:19:HAL_UART_Init	16	static
stm32g4xx_hal_uart.c:380:19:HAL_HalfDuplex_Init	16	static
stm32g4xx_hal_uart.c:453:19:HAL_LIN_Init	16	static
stm32g4xx_hal_uart.c:550:19:HAL_MultiProcessor_Init	24	static
stm32g4xx_hal_uart.c:624:19:HAL_UART_DeInit	16	static
stm32g4xx_hal_uart.c:670:13:HAL_UART_MspInit	16	static
stm32g4xx_hal_uart.c:685:13:HAL_UART_MspDeInit	16	static
stm32g4xx_hal_uart.c:1121:19:HAL_UART_Transmit	48	static
stm32g4xx_hal_uart.c:1210:19:HAL_UART_Receive	48	static
stm32g4xx_hal_uart.c:1296:19:HAL_UART_Transmit_IT	24	static
stm32g4xx_hal_uart.c:1370:19:HAL_UART_Receive_IT	24	static
stm32g4xx_hal_uart.c:1413:19:HAL_UART_Transmit_DMA	24	static
stm32g4xx_hal_uart.c:1489:19:HAL_UART_Receive_DMA	24	static
stm32g4xx_hal_uart.c:1527:19:HAL_UART_DMAPause	24	static
stm32g4xx_hal_uart.c:1561:19:HAL_UART_DMAResume	16	static
stm32g4xx_hal_uart.c:1593:19:HAL_UART_DMAStop	24	static
stm32g4xx_hal_uart.c:1668:19:HAL_UART_Abort	16	static
stm32g4xx_hal_uart.c:1769:19:HAL_UART_AbortTransmit	16	static
stm32g4xx_hal_uart.c:1827:19:HAL_UART_AbortReceive	16	static
stm32g4xx_hal_uart.c:1894:19:HAL_UART_Abort_IT	24	static
stm32g4xx_hal_uart.c:2046:19:HAL_UART_AbortTransmit_IT	16	static
stm32g4xx_hal_uart.c:2136:19:HAL_UART_AbortReceive_IT	16	static
stm32g4xx_hal_uart.c:2228:6:HAL_UART_IRQHandler	40	static
stm32g4xx_hal_uart.c:2547:13:HAL_UART_TxCpltCallback	16	static
stm32g4xx_hal_uart.c:2562:13:HAL_UART_TxHalfCpltCallback	16	static
stm32g4xx_hal_uart.c:2577:13:HAL_UART_RxCpltCallback	16	static
stm32g4xx_hal_uart.c:2592:13:HAL_UART_RxHalfCpltCallback	16	static
stm32g4xx_hal_uart.c:2607:13:HAL_UART_ErrorCallback	16	static
stm32g4xx_hal_uart.c:2622:13:HAL_UART_AbortCpltCallback	16	static
stm32g4xx_hal_uart.c:2637:13:HAL_UART_AbortTransmitCpltCallback	16	static
stm32g4xx_hal_uart.c:2652:13:HAL_UART_AbortReceiveCpltCallback	16	static
stm32g4xx_hal_uart.c:2669:13:HAL_UARTEx_RxEventCallback	16	static
stm32g4xx_hal_uart.c:2717:6:HAL_UART_ReceiverTimeout_Config	16	static
stm32g4xx_hal_uart.c:2732:19:HAL_UART_EnableReceiverTimeout	16	static
stm32g4xx_hal_uart.c:2770:19:HAL_UART_DisableReceiverTimeout	16	static
stm32g4xx_hal_uart.c:2808:19:HAL_MultiProcessor_EnableMuteMode	16	static
stm32g4xx_hal_uart.c:2828:19:HAL_MultiProcessor_DisableMuteMode	16	static
stm32g4xx_hal_uart.c:2848:6:HAL_MultiProcessor_EnterMuteMode	16	static
stm32g4xx_hal_uart.c:2858:19:HAL_HalfDuplex_EnableTransmitter	16	static
stm32g4xx_hal_uart.c:2881:19:HAL_HalfDuplex_EnableReceiver	16	static
stm32g4xx_hal_uart.c:2905:19:HAL_LIN_SendBreak	16	static
stm32g4xx_hal_uart.c:2950:23:HAL_UART_GetState	24	static
stm32g4xx_hal_uart.c:2966:10:HAL_UART_GetError	16	static
stm32g4xx_hal_uart.c:3012:19:UART_SetConfig	48	static
stm32g4xx_hal_uart.c:3229:6:UART_AdvFeatureConfig	16	static
stm32g4xx_hal_uart.c:3303:19:UART_CheckIdleState	32	static
stm32g4xx_hal_uart.c:3354:19:UART_WaitOnFlagUntilTimeout	24	static
stm32g4xx_hal_uart.c:3416:19:UART_Start_Receive_IT	24	static
stm32g4xx_hal_uart.c:3482:19:UART_Start_Receive_DMA	24	static
stm32g4xx_hal_uart.c:3539:13:UART_EndTxTransfer	16	static
stm32g4xx_hal_uart.c:3555:13:UART_EndRxTransfer	16	static
stm32g4xx_hal_uart.c:3581:13:UART_DMATransmitCplt	24	static
stm32g4xx_hal_uart.c:3615:13:UART_DMATxHalfCplt	24	static
stm32g4xx_hal_uart.c:3633:13:UART_DMAReceiveCplt	24	static
stm32g4xx_hal_uart.c:3690:13:UART_DMARxHalfCplt	24	static
stm32g4xx_hal_uart.c:3724:13:UART_DMAError	32	static
stm32g4xx_hal_uart.c:3764:13:UART_DMAAbortOnError	24	static
stm32g4xx_hal_uart.c:3787:13:UART_DMATxAbortCallback	24	static
stm32g4xx_hal_uart.c:3842:13:UART_DMARxAbortCallback	24	static
stm32g4xx_hal_uart.c:3894:13:UART_DMATxOnlyAbortCallback	24	static
stm32g4xx_hal_uart.c:3927:13:UART_DMARxOnlyAbortCallback	24	static
stm32g4xx_hal_uart.c:3960:13:UART_TxISR_8BIT	16	static
stm32g4xx_hal_uart.c:3989:13:UART_TxISR_16BIT	24	static
stm32g4xx_hal_uart.c:4021:13:UART_TxISR_8BIT_FIFOEN	24	static
stm32g4xx_hal_uart.c:4061:13:UART_TxISR_16BIT_FIFOEN	24	static
stm32g4xx_hal_uart.c:4102:13:UART_EndTransmit_IT	16	static
stm32g4xx_hal_uart.c:4127:13:UART_RxISR_8BIT	24	static
stm32g4xx_hal_uart.c:4197:13:UART_RxISR_16BIT	24	static
stm32g4xx_hal_uart.c:4269:13:UART_RxISR_8BIT_FIFOEN	40	static
stm32g4xx_hal_uart.c:4410:13:UART_RxISR_16BIT_FIFOEN	48	static
