stm32l0xx_hal_uart.c:291:19:HAL_UART_Init	16	static
stm32l0xx_hal_uart.c:364:19:HAL_HalfDuplex_Init	16	static
stm32l0xx_hal_uart.c:437:19:HAL_LIN_Init	16	static
stm32l0xx_hal_uart.c:534:19:HAL_MultiProcessor_Init	24	static
stm32l0xx_hal_uart.c:608:19:HAL_UART_DeInit	16	static
stm32l0xx_hal_uart.c:654:13:HAL_UART_MspInit	16	static
stm32l0xx_hal_uart.c:669:13:HAL_UART_MspDeInit	16	static
stm32l0xx_hal_uart.c:1087:19:HAL_UART_Transmit	48	static
stm32l0xx_hal_uart.c:1188:19:HAL_UART_Receive	48	static
stm32l0xx_hal_uart.c:1290:19:HAL_UART_Transmit_IT	40	static,ignoring_inline_asm
stm32l0xx_hal_uart.c:1359:19:HAL_UART_Receive_IT	40	static,ignoring_inline_asm
stm32l0xx_hal_uart.c:1418:19:HAL_UART_Transmit_DMA	40	static,ignoring_inline_asm
stm32l0xx_hal_uart.c:1510:19:HAL_UART_Receive_DMA	40	static,ignoring_inline_asm
stm32l0xx_hal_uart.c:1559:19:HAL_UART_DMAPause	88	static,ignoring_inline_asm
stm32l0xx_hal_uart.c:1593:19:HAL_UART_DMAResume	80	static,ignoring_inline_asm
stm32l0xx_hal_uart.c:1625:19:HAL_UART_DMAStop	56	static,ignoring_inline_asm
stm32l0xx_hal_uart.c:1700:19:HAL_UART_Abort	96	static,ignoring_inline_asm
stm32l0xx_hal_uart.c:1795:19:HAL_UART_AbortTransmit	48	static,ignoring_inline_asm
stm32l0xx_hal_uart.c:1847:19:HAL_UART_AbortReceive	80	static,ignoring_inline_asm
stm32l0xx_hal_uart.c:1914:19:HAL_UART_Abort_IT	104	static,ignoring_inline_asm
stm32l0xx_hal_uart.c:2060:19:HAL_UART_AbortTransmit_IT	48	static,ignoring_inline_asm
stm32l0xx_hal_uart.c:2144:19:HAL_UART_AbortReceive_IT	80	static,ignoring_inline_asm
stm32l0xx_hal_uart.c:2236:6:HAL_UART_IRQHandler	184	static,ignoring_inline_asm
stm32l0xx_hal_uart.c:2527:13:HAL_UART_TxCpltCallback	16	static
stm32l0xx_hal_uart.c:2542:13:HAL_UART_TxHalfCpltCallback	16	static
stm32l0xx_hal_uart.c:2557:13:HAL_UART_RxCpltCallback	16	static
stm32l0xx_hal_uart.c:2572:13:HAL_UART_RxHalfCpltCallback	16	static
stm32l0xx_hal_uart.c:2587:13:HAL_UART_ErrorCallback	16	static
stm32l0xx_hal_uart.c:2602:13:HAL_UART_AbortCpltCallback	16	static
stm32l0xx_hal_uart.c:2617:13:HAL_UART_AbortTransmitCpltCallback	16	static
stm32l0xx_hal_uart.c:2632:13:HAL_UART_AbortReceiveCpltCallback	16	static
stm32l0xx_hal_uart.c:2649:13:HAL_UARTEx_RxEventCallback	16	static
stm32l0xx_hal_uart.c:2697:6:HAL_UART_ReceiverTimeout_Config	16	static
stm32l0xx_hal_uart.c:2712:19:HAL_UART_EnableReceiverTimeout	16	static
stm32l0xx_hal_uart.c:2750:19:HAL_UART_DisableReceiverTimeout	16	static
stm32l0xx_hal_uart.c:2788:19:HAL_MultiProcessor_EnableMuteMode	32	static,ignoring_inline_asm
stm32l0xx_hal_uart.c:2808:19:HAL_MultiProcessor_DisableMuteMode	32	static,ignoring_inline_asm
stm32l0xx_hal_uart.c:2828:6:HAL_MultiProcessor_EnterMuteMode	16	static
stm32l0xx_hal_uart.c:2838:19:HAL_HalfDuplex_EnableTransmitter	48	static,ignoring_inline_asm
stm32l0xx_hal_uart.c:2861:19:HAL_HalfDuplex_EnableReceiver	48	static,ignoring_inline_asm
stm32l0xx_hal_uart.c:2885:19:HAL_LIN_SendBreak	16	static
stm32l0xx_hal_uart.c:2930:23:HAL_UART_GetState	24	static
stm32l0xx_hal_uart.c:2946:10:HAL_UART_GetError	16	static
stm32l0xx_hal_uart.c:2990:19:UART_SetConfig	72	static
stm32l0xx_hal_uart.c:3214:6:UART_AdvFeatureConfig	16	static
stm32l0xx_hal_uart.c:3288:19:UART_CheckIdleState	32	static
stm32l0xx_hal_uart.c:3339:19:UART_WaitOnFlagUntilTimeout	88	static,ignoring_inline_asm
stm32l0xx_hal_uart.c:3401:19:UART_Start_Receive_IT	56	static,ignoring_inline_asm
stm32l0xx_hal_uart.c:3445:19:UART_Start_Receive_DMA	72	static,ignoring_inline_asm
stm32l0xx_hal_uart.c:3502:13:UART_EndTxTransfer	32	static,ignoring_inline_asm
stm32l0xx_hal_uart.c:3517:13:UART_EndRxTransfer	64	static,ignoring_inline_asm
stm32l0xx_hal_uart.c:3543:13:UART_DMATransmitCplt	56	static,ignoring_inline_asm
stm32l0xx_hal_uart.c:3577:13:UART_DMATxHalfCplt	24	static
stm32l0xx_hal_uart.c:3595:13:UART_DMAReceiveCplt	88	static,ignoring_inline_asm
stm32l0xx_hal_uart.c:3652:13:UART_DMARxHalfCplt	24	static
stm32l0xx_hal_uart.c:3686:13:UART_DMAError	32	static
stm32l0xx_hal_uart.c:3726:13:UART_DMAAbortOnError	24	static
stm32l0xx_hal_uart.c:3749:13:UART_DMATxAbortCallback	24	static
stm32l0xx_hal_uart.c:3799:13:UART_DMARxAbortCallback	24	static
stm32l0xx_hal_uart.c:3851:13:UART_DMATxOnlyAbortCallback	24	static
stm32l0xx_hal_uart.c:3879:13:UART_DMARxOnlyAbortCallback	24	static
stm32l0xx_hal_uart.c:3912:13:UART_TxISR_8BIT	48	static,ignoring_inline_asm
stm32l0xx_hal_uart.c:3941:13:UART_TxISR_16BIT	56	static,ignoring_inline_asm
stm32l0xx_hal_uart.c:3973:13:UART_EndTransmit_IT	32	static,ignoring_inline_asm
stm32l0xx_hal_uart.c:3998:13:UART_RxISR_8BIT	72	static,ignoring_inline_asm
stm32l0xx_hal_uart.c:4075:13:UART_RxISR_16BIT	72	static,ignoring_inline_asm
