stm32l0xx_hal.c:140:19:HAL_Init	16	static
stm32l0xx_hal.c:178:19:HAL_DeInit	8	static
stm32l0xx_hal.c:204:13:HAL_MspInit	8	static
stm32l0xx_hal.c:215:13:HAL_MspDeInit	8	static
stm32l0xx_hal.c:238:26:HAL_InitTick	24	static
stm32l0xx_hal.c:294:13:HAL_IncTick	8	static
stm32l0xx_hal.c:305:17:HAL_GetTick	8	static
stm32l0xx_hal.c:314:10:HAL_GetTickPrio	8	static
stm32l0xx_hal.c:323:19:HAL_SetTickFreq	40	static
stm32l0xx_hal.c:355:21:HAL_GetTickFreq	8	static
stm32l0xx_hal.c:371:13:HAL_Delay	24	static
stm32l0xx_hal.c:397:13:HAL_SuspendTick	8	static
stm32l0xx_hal.c:413:13:HAL_ResumeTick	8	static
stm32l0xx_hal.c:423:10:HAL_GetHalVersion	8	static
stm32l0xx_hal.c:432:10:HAL_GetREVID	8	static
stm32l0xx_hal.c:441:10:HAL_GetDEVID	8	static
stm32l0xx_hal.c:450:10:HAL_GetUIDw0	8	static
stm32l0xx_hal.c:459:10:HAL_GetUIDw1	8	static
stm32l0xx_hal.c:468:10:HAL_GetUIDw2	8	static
stm32l0xx_hal.c:497:6:HAL_DBGMCU_EnableDBGSleepMode	8	static
stm32l0xx_hal.c:506:6:HAL_DBGMCU_DisableDBGSleepMode	8	static
stm32l0xx_hal.c:515:6:HAL_DBGMCU_EnableDBGStopMode	8	static
stm32l0xx_hal.c:524:6:HAL_DBGMCU_DisableDBGStopMode	8	static
stm32l0xx_hal.c:533:6:HAL_DBGMCU_EnableDBGStandbyMode	8	static
stm32l0xx_hal.c:542:6:HAL_DBGMCU_DisableDBGStandbyMode	8	static
stm32l0xx_hal.c:556:6:HAL_DBGMCU_DBG_EnableLowPowerConfig	16	static
stm32l0xx_hal.c:573:6:HAL_DBGMCU_DBG_DisableLowPowerConfig	16	static
stm32l0xx_hal.c:610:11:HAL_SYSCFG_GetBootMode	8	static
stm32l0xx_hal.c:627:6:HAL_SYSCFG_VREFINT_OutputSelect	16	static
stm32l0xx_hal.c:641:6:HAL_SYSCFG_Enable_Lock_VREFINT	8	static
stm32l0xx_hal.c:651:6:HAL_SYSCFG_Disable_Lock_VREFINT	8	static
