core_cm0plus.h:741:22:__NVIC_EnableIRQ	16	static
core_cm0plus.h:777:22:__NVIC_DisableIRQ	16	static,ignoring_inline_asm
core_cm0plus.h:796:26:__NVIC_GetPendingIRQ	16	static
core_cm0plus.h:815:22:__NVIC_SetPendingIRQ	16	static
core_cm0plus.h:830:22:__NVIC_ClearPendingIRQ	16	static
core_cm0plus.h:848:22:__NVIC_SetPriority	24	static
core_cm0plus.h:872:26:__NVIC_GetPriority	16	static
core_cm0plus.h:983:34:__NVIC_SystemReset	8	static,ignoring_inline_asm
core_cm0plus.h:1054:26:SysTick_Config	16	static
stm32l0xx_hal_cortex.c:132:6:HAL_NVIC_SetPriority	24	static
stm32l0xx_hal_cortex.c:148:6:HAL_NVIC_EnableIRQ	16	static
stm32l0xx_hal_cortex.c:164:6:HAL_NVIC_DisableIRQ	16	static
stm32l0xx_hal_cortex.c:177:6:HAL_NVIC_SystemReset	8	static
stm32l0xx_hal_cortex.c:190:10:HAL_SYSTICK_Config	16	static
stm32l0xx_hal_cortex.c:222:10:HAL_NVIC_GetPriority	16	static
stm32l0xx_hal_cortex.c:235:6:HAL_NVIC_SetPendingIRQ	16	static
stm32l0xx_hal_cortex.c:250:10:HAL_NVIC_GetPendingIRQ	16	static
stm32l0xx_hal_cortex.c:263:6:HAL_NVIC_ClearPendingIRQ	16	static
stm32l0xx_hal_cortex.c:278:6:HAL_SYSTICK_CLKSourceConfig	16	static
stm32l0xx_hal_cortex.c:296:6:HAL_SYSTICK_IRQHandler	8	static
stm32l0xx_hal_cortex.c:305:13:HAL_SYSTICK_Callback	8	static
stm32l0xx_hal_cortex.c:317:6:HAL_MPU_Disable	8	static,ignoring_inline_asm
stm32l0xx_hal_cortex.c:338:6:HAL_MPU_Enable	16	static,ignoring_inline_asm
stm32l0xx_hal_cortex.c:355:6:HAL_MPU_ConfigRegion	16	static
