stm32l0xx_hal_flash_ex.c:171:19:HAL_FLASHEx_Erase	32	static
stm32l0xx_hal_flash_ex.c:235:19:HAL_FLASHEx_Erase_IT	32	static
stm32l0xx_hal_flash_ex.c:327:19:HAL_FLASHEx_OBProgram	32	static
stm32l0xx_hal_flash_ex.c:410:6:HAL_FLASHEx_OBGetConfig	16	static
stm32l0xx_hal_flash_ex.c:443:19:HAL_FLASHEx_AdvOBProgram	32	static
stm32l0xx_hal_flash_ex.c:486:6:HAL_FLASHEx_AdvOBGetConfig	16	static
stm32l0xx_hal_flash_ex.c:526:19:HAL_FLASHEx_OB_SelectPCROP	40	static
stm32l0xx_hal_flash_ex.c:568:19:HAL_FLASHEx_OB_DeSelectPCROP	40	static
stm32l0xx_hal_flash_ex.c:634:19:HAL_FLASHEx_DATAEEPROM_Unlock	24	static,ignoring_inline_asm
stm32l0xx_hal_flash_ex.c:664:19:HAL_FLASHEx_DATAEEPROM_Lock	8	static
stm32l0xx_hal_flash_ex.c:682:19:HAL_FLASHEx_DATAEEPROM_Erase	32	static
stm32l0xx_hal_flash_ex.c:724:21:HAL_FLASHEx_DATAEEPROM_Program	40	static
stm32l0xx_hal_flash_ex.c:780:6:HAL_FLASHEx_DATAEEPROM_EnableFixedTimeProgram	8	static
stm32l0xx_hal_flash_ex.c:789:6:HAL_FLASHEx_DATAEEPROM_DisableFixedTimeProgram	8	static
stm32l0xx_hal_flash_ex.c:825:26:FLASH_OB_RDPConfig	40	static
stm32l0xx_hal_flash_ex.c:876:26:FLASH_OB_BORConfig	40	static
stm32l0xx_hal_flash_ex.c:918:27:FLASH_OB_BOOTBit1Config	40	static
stm32l0xx_hal_flash_ex.c:953:16:FLASH_OB_GetUser	8	static
stm32l0xx_hal_flash_ex.c:967:16:FLASH_OB_GetRDP	16	static
stm32l0xx_hal_flash_ex.c:985:16:FLASH_OB_GetBOR	8	static
stm32l0xx_hal_flash_ex.c:995:16:FLASH_OB_GetBOOTBit1	8	static
stm32l0xx_hal_flash_ex.c:1006:17:FLASH_OB_GetWRP	8	static
stm32l0xx_hal_flash_ex.c:1017:17:FLASH_OB_GetWRP2	8	static
stm32l0xx_hal_flash_ex.c:1035:26:FLASH_OB_ProtectedSectorsConfig	48	static
stm32l0xx_hal_flash_ex.c:1140:26:FLASH_OB_UserConfig	40	static
stm32l0xx_hal_flash_ex.c:1186:26:FLASH_OB_BootConfig	40	static
stm32l0xx_hal_flash_ex.c:1246:6:FLASH_PageErase	16	static
