stm32g4xx_hal_dac.c:405:19:HAL_DAC_Init	16	static
stm32g4xx_hal_dac.c:466:19:HAL_DAC_DeInit	16	static
stm32g4xx_hal_dac.c:511:13:HAL_DAC_MspInit	16	static
stm32g4xx_hal_dac.c:527:13:HAL_DAC_MspDeInit	16	static
stm32g4xx_hal_dac.c:572:19:HAL_DAC_Start	16	static
stm32g4xx_hal_dac.c:632:19:HAL_DAC_Stop	16	static
stm32g4xx_hal_dac.c:669:19:HAL_DAC_Start_DMA	32	static
stm32g4xx_hal_dac.c:806:19:HAL_DAC_Stop_DMA	16	static
stm32g4xx_hal_dac.c:856:6:HAL_DAC_IRQHandler	16	static
stm32g4xx_hal_dac.c:932:19:HAL_DAC_SetValue	32	static
stm32g4xx_hal_dac.c:970:13:HAL_DAC_ConvCpltCallbackCh1	16	static
stm32g4xx_hal_dac.c:986:13:HAL_DAC_ConvHalfCpltCallbackCh1	16	static
stm32g4xx_hal_dac.c:1002:13:HAL_DAC_ErrorCallbackCh1	16	static
stm32g4xx_hal_dac.c:1018:13:HAL_DAC_DMAUnderrunCallbackCh1	16	static
stm32g4xx_hal_dac.c:1060:10:HAL_DAC_GetValue	24	static
stm32g4xx_hal_dac.c:1100:19:HAL_DAC_ConfigChannel	48	static
stm32g4xx_hal_dac.c:1329:22:HAL_DAC_GetState	16	static
stm32g4xx_hal_dac.c:1342:10:HAL_DAC_GetError	16	static
stm32g4xx_hal_dac.c:1608:6:DAC_DMAConvCpltCh1	24	static
stm32g4xx_hal_dac.c:1627:6:DAC_DMAHalfConvCpltCh1	24	static
stm32g4xx_hal_dac.c:1644:6:DAC_DMAErrorCh1	24	static
