stm32f1xx_hal_uart.c:352:19:HAL_UART_Init	16	static
stm32f1xx_hal_uart.c:429:19:HAL_HalfDuplex_Init	16	static
stm32f1xx_hal_uart.c:504:19:HAL_LIN_Init	16	static
stm32f1xx_hal_uart.c:587:19:HAL_MultiProcessor_Init	24	static
stm32f1xx_hal_uart.c:666:19:HAL_UART_DeInit	16	static
stm32f1xx_hal_uart.c:711:13:HAL_UART_MspInit	16	static
stm32f1xx_hal_uart.c:726:13:HAL_UART_MspDeInit	16	static
stm32f1xx_hal_uart.c:1136:19:HAL_UART_Transmit	48	static
stm32f1xx_hal_uart.c:1224:19:HAL_UART_Receive	48	static
stm32f1xx_hal_uart.c:1315:19:HAL_UART_Transmit_IT	24	static
stm32f1xx_hal_uart.c:1360:19:HAL_UART_Receive_IT	24	static
stm32f1xx_hal_uart.c:1395:19:HAL_UART_Transmit_DMA	32	static
stm32f1xx_hal_uart.c:1463:19:HAL_UART_Receive_DMA	24	static
stm32f1xx_hal_uart.c:1493:19:HAL_UART_DMAPause	24	static
stm32f1xx_hal_uart.c:1530:19:HAL_UART_DMAResume	24	static
stm32f1xx_hal_uart.c:1566:19:HAL_UART_DMAStop	24	static
stm32f1xx_hal_uart.c:1621:19:HAL_UARTEx_ReceiveToIdle	40	static
stm32f1xx_hal_uart.c:1747:19:HAL_UARTEx_ReceiveToIdle_IT	32	static
stm32f1xx_hal_uart.c:1808:19:HAL_UARTEx_ReceiveToIdle_DMA	32	static
stm32f1xx_hal_uart.c:1865:19:HAL_UART_Abort	16	static
stm32f1xx_hal_uart.c:1954:19:HAL_UART_AbortTransmit	16	static
stm32f1xx_hal_uart.c:2005:19:HAL_UART_AbortReceive	16	static
stm32f1xx_hal_uart.c:2066:19:HAL_UART_Abort_IT	24	static
stm32f1xx_hal_uart.c:2201:19:HAL_UART_AbortTransmit_IT	16	static
stm32f1xx_hal_uart.c:2278:19:HAL_UART_AbortReceive_IT	16	static
stm32f1xx_hal_uart.c:2356:6:HAL_UART_IRQHandler	48	static
stm32f1xx_hal_uart.c:2586:13:HAL_UART_TxCpltCallback	16	static
stm32f1xx_hal_uart.c:2601:13:HAL_UART_TxHalfCpltCallback	16	static
stm32f1xx_hal_uart.c:2616:13:HAL_UART_RxCpltCallback	16	static
stm32f1xx_hal_uart.c:2631:13:HAL_UART_RxHalfCpltCallback	16	static
stm32f1xx_hal_uart.c:2646:13:HAL_UART_ErrorCallback	16	static
stm32f1xx_hal_uart.c:2660:13:HAL_UART_AbortCpltCallback	16	static
stm32f1xx_hal_uart.c:2675:13:HAL_UART_AbortTransmitCpltCallback	16	static
stm32f1xx_hal_uart.c:2690:13:HAL_UART_AbortReceiveCpltCallback	16	static
stm32f1xx_hal_uart.c:2707:13:HAL_UARTEx_RxEventCallback	16	static
stm32f1xx_hal_uart.c:2747:19:HAL_LIN_SendBreak	16	static
stm32f1xx_hal_uart.c:2774:19:HAL_MultiProcessor_EnterMuteMode	16	static
stm32f1xx_hal_uart.c:2801:19:HAL_MultiProcessor_ExitMuteMode	16	static
stm32f1xx_hal_uart.c:2828:19:HAL_HalfDuplex_EnableTransmitter	24	static
stm32f1xx_hal_uart.c:2863:19:HAL_HalfDuplex_EnableReceiver	24	static
stm32f1xx_hal_uart.c:2920:23:HAL_UART_GetState	24	static
stm32f1xx_hal_uart.c:2935:10:HAL_UART_GetError	16	static
stm32f1xx_hal_uart.c:2980:13:UART_DMATransmitCplt	24	static
stm32f1xx_hal_uart.c:3015:13:UART_DMATxHalfCplt	24	static
stm32f1xx_hal_uart.c:3034:13:UART_DMAReceiveCplt	24	static
stm32f1xx_hal_uart.c:3091:13:UART_DMARxHalfCplt	24	static
stm32f1xx_hal_uart.c:3126:13:UART_DMAError	24	static
stm32f1xx_hal_uart.c:3167:26:UART_WaitOnFlagUntilTimeout	24	static
stm32f1xx_hal_uart.c:3205:19:UART_Start_Receive_IT	24	static
stm32f1xx_hal_uart.c:3240:19:UART_Start_Receive_DMA	32	static
stm32f1xx_hal_uart.c:3290:13:UART_EndTxTransfer	16	static
stm32f1xx_hal_uart.c:3304:13:UART_EndRxTransfer	16	static
stm32f1xx_hal_uart.c:3328:13:UART_DMAAbortOnError	24	static
stm32f1xx_hal_uart.c:3352:13:UART_DMATxAbortCallback	24	static
stm32f1xx_hal_uart.c:3398:13:UART_DMARxAbortCallback	24	static
stm32f1xx_hal_uart.c:3444:13:UART_DMATxOnlyAbortCallback	24	static
stm32f1xx_hal_uart.c:3472:13:UART_DMARxOnlyAbortCallback	24	static
stm32f1xx_hal_uart.c:3498:26:UART_Transmit_IT	24	static
stm32f1xx_hal_uart.c:3538:26:UART_EndTransmit_IT	16	static
stm32f1xx_hal_uart.c:3563:26:UART_Receive_IT	32	static
stm32f1xx_hal_uart.c:3661:13:UART_SetConfig	24	static
