Archive member included to satisfy reference by file (symbol)

/Applications/STM32CubeIDE.app/Contents/Eclipse/plugins/com.st.stm32cube.ide.mcu.externaltools.gnu-tools-for-stm32.9-2020-q2-update.macos64_2.0.0.202105311346/tools/bin/../lib/gcc/arm-none-eabi/9.3.1/../../../../arm-none-eabi/lib/thumb/v7e-m+fp/hard/libc_nano.a(lib_a-errno.o)
                              ./Core/Src/syscalls.o (__errno)
/Applications/STM32CubeIDE.app/Contents/Eclipse/plugins/com.st.stm32cube.ide.mcu.externaltools.gnu-tools-for-stm32.9-2020-q2-update.macos64_2.0.0.202105311346/tools/bin/../lib/gcc/arm-none-eabi/9.3.1/../../../../arm-none-eabi/lib/thumb/v7e-m+fp/hard/libc_nano.a(lib_a-exit.o)
                              /Applications/STM32CubeIDE.app/Contents/Eclipse/plugins/com.st.stm32cube.ide.mcu.externaltools.gnu-tools-for-stm32.9-2020-q2-update.macos64_2.0.0.202105311346/tools/bin/../lib/gcc/arm-none-eabi/9.3.1/../../../../arm-none-eabi/lib/thumb/v7e-m+fp/hard/crt0.o (exit)
/Applications/STM32CubeIDE.app/Contents/Eclipse/plugins/com.st.stm32cube.ide.mcu.externaltools.gnu-tools-for-stm32.9-2020-q2-update.macos64_2.0.0.202105311346/tools/bin/../lib/gcc/arm-none-eabi/9.3.1/../../../../arm-none-eabi/lib/thumb/v7e-m+fp/hard/libc_nano.a(lib_a-impure.o)
                              /Applications/STM32CubeIDE.app/Contents/Eclipse/plugins/com.st.stm32cube.ide.mcu.externaltools.gnu-tools-for-stm32.9-2020-q2-update.macos64_2.0.0.202105311346/tools/bin/../lib/gcc/arm-none-eabi/9.3.1/../../../../arm-none-eabi/lib/thumb/v7e-m+fp/hard/libc_nano.a(lib_a-exit.o) (_global_impure_ptr)
/Applications/STM32CubeIDE.app/Contents/Eclipse/plugins/com.st.stm32cube.ide.mcu.externaltools.gnu-tools-for-stm32.9-2020-q2-update.macos64_2.0.0.202105311346/tools/bin/../lib/gcc/arm-none-eabi/9.3.1/../../../../arm-none-eabi/lib/thumb/v7e-m+fp/hard/libc_nano.a(lib_a-init.o)
                              /Applications/STM32CubeIDE.app/Contents/Eclipse/plugins/com.st.stm32cube.ide.mcu.externaltools.gnu-tools-for-stm32.9-2020-q2-update.macos64_2.0.0.202105311346/tools/bin/../lib/gcc/arm-none-eabi/9.3.1/../../../../arm-none-eabi/lib/thumb/v7e-m+fp/hard/crt0.o (__libc_init_array)
/Applications/STM32CubeIDE.app/Contents/Eclipse/plugins/com.st.stm32cube.ide.mcu.externaltools.gnu-tools-for-stm32.9-2020-q2-update.macos64_2.0.0.202105311346/tools/bin/../lib/gcc/arm-none-eabi/9.3.1/../../../../arm-none-eabi/lib/thumb/v7e-m+fp/hard/libc_nano.a(lib_a-memset.o)
                              /Applications/STM32CubeIDE.app/Contents/Eclipse/plugins/com.st.stm32cube.ide.mcu.externaltools.gnu-tools-for-stm32.9-2020-q2-update.macos64_2.0.0.202105311346/tools/bin/../lib/gcc/arm-none-eabi/9.3.1/../../../../arm-none-eabi/lib/thumb/v7e-m+fp/hard/crt0.o (memset)
/Applications/STM32CubeIDE.app/Contents/Eclipse/plugins/com.st.stm32cube.ide.mcu.externaltools.gnu-tools-for-stm32.9-2020-q2-update.macos64_2.0.0.202105311346/tools/bin/../lib/gcc/arm-none-eabi/9.3.1/thumb/v7e-m+fp/hard/libgcc.a(_aeabi_uldivmod.o)
                              ./Drivers/STM32G4xx_HAL_Driver/Src/stm32g4xx_hal_uart.o (__aeabi_uldivmod)
/Applications/STM32CubeIDE.app/Contents/Eclipse/plugins/com.st.stm32cube.ide.mcu.externaltools.gnu-tools-for-stm32.9-2020-q2-update.macos64_2.0.0.202105311346/tools/bin/../lib/gcc/arm-none-eabi/9.3.1/thumb/v7e-m+fp/hard/libgcc.a(_udivmoddi4.o)
                              /Applications/STM32CubeIDE.app/Contents/Eclipse/plugins/com.st.stm32cube.ide.mcu.externaltools.gnu-tools-for-stm32.9-2020-q2-update.macos64_2.0.0.202105311346/tools/bin/../lib/gcc/arm-none-eabi/9.3.1/thumb/v7e-m+fp/hard/libgcc.a(_aeabi_uldivmod.o) (__udivmoddi4)
/Applications/STM32CubeIDE.app/Contents/Eclipse/plugins/com.st.stm32cube.ide.mcu.externaltools.gnu-tools-for-stm32.9-2020-q2-update.macos64_2.0.0.202105311346/tools/bin/../lib/gcc/arm-none-eabi/9.3.1/thumb/v7e-m+fp/hard/libgcc.a(_dvmd_tls.o)
                              /Applications/STM32CubeIDE.app/Contents/Eclipse/plugins/com.st.stm32cube.ide.mcu.externaltools.gnu-tools-for-stm32.9-2020-q2-update.macos64_2.0.0.202105311346/tools/bin/../lib/gcc/arm-none-eabi/9.3.1/thumb/v7e-m+fp/hard/libgcc.a(_aeabi_uldivmod.o) (__aeabi_ldiv0)

Allocating common symbols
Common symbol       size              file

hdac1               0x14              ./Core/Src/main-ex1.o
uwTick              0x4               ./Drivers/STM32G4xx_HAL_Driver/Src/stm32g4xx_hal.o
huart2              0x90              ./Core/Src/nucleo_hal_bsp.o

Discarded input sections

 .text          0x0000000000000000        0x0 /Applications/STM32CubeIDE.app/Contents/Eclipse/plugins/com.st.stm32cube.ide.mcu.externaltools.gnu-tools-for-stm32.9-2020-q2-update.macos64_2.0.0.202105311346/tools/bin/../lib/gcc/arm-none-eabi/9.3.1/thumb/v7e-m+fp/hard/crti.o
[...]
Memory Configuration

Name             Origin             Length             Attributes
RAM              0x0000000020000000 0x0000000000020000 xrw
FLASH            0x0000000008000000 0x0000000000080000 xr
*default*        0x0000000000000000 0xffffffffffffffff

Linker script and memory map

LOAD /Applications/STM32CubeIDE.app/Contents/Eclipse/plugins/com.st.stm32cube.ide.mcu.externaltools.gnu-tools-for-stm32.9-2020-q2-update.macos64_2.0.0.202105311346/tools/bin/../lib/gcc/arm-none-eabi/9.3.1/thumb/v7e-m+fp/hard/crti.o
LOAD /Applications/STM32CubeIDE.app/Contents/Eclipse/plugins/com.st.stm32cube.ide.mcu.externaltools.gnu-tools-for-stm32.9-2020-q2-update.macos64_2.0.0.202105311346/tools/bin/../lib/gcc/arm-none-eabi/9.3.1/thumb/v7e-m+fp/hard/crtbegin.o
LOAD /Applications/STM32CubeIDE.app/Contents/Eclipse/plugins/com.st.stm32cube.ide.mcu.externaltools.gnu-tools-for-stm32.9-2020-q2-update.macos64_2.0.0.202105311346/tools/bin/../lib/gcc/arm-none-eabi/9.3.1/../../../../arm-none-eabi/lib/thumb/v7e-m+fp/hard/crt0.o
LOAD ./Core/Src/main-ex1.o
LOAD ./Core/Src/nucleo_hal_bsp.o
LOAD ./Core/Src/stm32g4xx_hal_msp.o
LOAD ./Core/Src/stm32g4xx_it.o
LOAD ./Core/Src/syscalls.o
LOAD ./Core/Src/sysmem.o
LOAD ./Core/Src/system_stm32g4xx.o
LOAD ./Core/Startup/startup_stm32g474retx.o
LOAD ./Drivers/STM32G4xx_HAL_Driver/Src/stm32g4xx_hal.o
LOAD ./Drivers/STM32G4xx_HAL_Driver/Src/stm32g4xx_hal_cortex.o
LOAD ./Drivers/STM32G4xx_HAL_Driver/Src/stm32g4xx_hal_dac.o
LOAD ./Drivers/STM32G4xx_HAL_Driver/Src/stm32g4xx_hal_dac_ex.o
LOAD ./Drivers/STM32G4xx_HAL_Driver/Src/stm32g4xx_hal_dma.o
LOAD ./Drivers/STM32G4xx_HAL_Driver/Src/stm32g4xx_hal_dma_ex.o
LOAD ./Drivers/STM32G4xx_HAL_Driver/Src/stm32g4xx_hal_exti.o
LOAD ./Drivers/STM32G4xx_HAL_Driver/Src/stm32g4xx_hal_flash.o
LOAD ./Drivers/STM32G4xx_HAL_Driver/Src/stm32g4xx_hal_flash_ex.o
LOAD ./Drivers/STM32G4xx_HAL_Driver/Src/stm32g4xx_hal_flash_ramfunc.o
LOAD ./Drivers/STM32G4xx_HAL_Driver/Src/stm32g4xx_hal_gpio.o
LOAD ./Drivers/STM32G4xx_HAL_Driver/Src/stm32g4xx_hal_pwr.o
LOAD ./Drivers/STM32G4xx_HAL_Driver/Src/stm32g4xx_hal_pwr_ex.o
LOAD ./Drivers/STM32G4xx_HAL_Driver/Src/stm32g4xx_hal_rcc.o
LOAD ./Drivers/STM32G4xx_HAL_Driver/Src/stm32g4xx_hal_rcc_ex.o
LOAD ./Drivers/STM32G4xx_HAL_Driver/Src/stm32g4xx_hal_tim.o
LOAD ./Drivers/STM32G4xx_HAL_Driver/Src/stm32g4xx_hal_tim_ex.o
LOAD ./Drivers/STM32G4xx_HAL_Driver/Src/stm32g4xx_hal_uart.o
LOAD ./Drivers/STM32G4xx_HAL_Driver/Src/stm32g4xx_hal_uart_ex.o
START GROUP
LOAD /Applications/STM32CubeIDE.app/Contents/Eclipse/plugins/com.st.stm32cube.ide.mcu.externaltools.gnu-tools-for-stm32.9-2020-q2-update.macos64_2.0.0.202105311346/tools/bin/../lib/gcc/arm-none-eabi/9.3.1/../../../../arm-none-eabi/lib/thumb/v7e-m+fp/hard/libc_nano.a
LOAD /Applications/STM32CubeIDE.app/Contents/Eclipse/plugins/com.st.stm32cube.ide.mcu.externaltools.gnu-tools-for-stm32.9-2020-q2-update.macos64_2.0.0.202105311346/tools/bin/../lib/gcc/arm-none-eabi/9.3.1/../../../../arm-none-eabi/lib/thumb/v7e-m+fp/hard/libm.a
END GROUP
START GROUP
LOAD /Applications/STM32CubeIDE.app/Contents/Eclipse/plugins/com.st.stm32cube.ide.mcu.externaltools.gnu-tools-for-stm32.9-2020-q2-update.macos64_2.0.0.202105311346/tools/bin/../lib/gcc/arm-none-eabi/9.3.1/thumb/v7e-m+fp/hard/libgcc.a
LOAD /Applications/STM32CubeIDE.app/Contents/Eclipse/plugins/com.st.stm32cube.ide.mcu.externaltools.gnu-tools-for-stm32.9-2020-q2-update.macos64_2.0.0.202105311346/tools/bin/../lib/gcc/arm-none-eabi/9.3.1/../../../../arm-none-eabi/lib/thumb/v7e-m+fp/hard/libc_nano.a
END GROUP
START GROUP
LOAD /Applications/STM32CubeIDE.app/Contents/Eclipse/plugins/com.st.stm32cube.ide.mcu.externaltools.gnu-tools-for-stm32.9-2020-q2-update.macos64_2.0.0.202105311346/tools/bin/../lib/gcc/arm-none-eabi/9.3.1/thumb/v7e-m+fp/hard/libgcc.a
LOAD /Applications/STM32CubeIDE.app/Contents/Eclipse/plugins/com.st.stm32cube.ide.mcu.externaltools.gnu-tools-for-stm32.9-2020-q2-update.macos64_2.0.0.202105311346/tools/bin/../lib/gcc/arm-none-eabi/9.3.1/../../../../arm-none-eabi/lib/thumb/v7e-m+fp/hard/libc_nano.a
LOAD /Applications/STM32CubeIDE.app/Contents/Eclipse/plugins/com.st.stm32cube.ide.mcu.externaltools.gnu-tools-for-stm32.9-2020-q2-update.macos64_2.0.0.202105311346/tools/bin/../lib/gcc/arm-none-eabi/9.3.1/../../../../arm-none-eabi/lib/thumb/v7e-m+fp/hard/libnosys.a
END GROUP
START GROUP
LOAD /Applications/STM32CubeIDE.app/Contents/Eclipse/plugins/com.st.stm32cube.ide.mcu.externaltools.gnu-tools-for-stm32.9-2020-q2-update.macos64_2.0.0.202105311346/tools/bin/../lib/gcc/arm-none-eabi/9.3.1/thumb/v7e-m+fp/hard/libgcc.a
LOAD /Applications/STM32CubeIDE.app/Contents/Eclipse/plugins/com.st.stm32cube.ide.mcu.externaltools.gnu-tools-for-stm32.9-2020-q2-update.macos64_2.0.0.202105311346/tools/bin/../lib/gcc/arm-none-eabi/9.3.1/../../../../arm-none-eabi/lib/thumb/v7e-m+fp/hard/libc_nano.a
LOAD /Applications/STM32CubeIDE.app/Contents/Eclipse/plugins/com.st.stm32cube.ide.mcu.externaltools.gnu-tools-for-stm32.9-2020-q2-update.macos64_2.0.0.202105311346/tools/bin/../lib/gcc/arm-none-eabi/9.3.1/../../../../arm-none-eabi/lib/thumb/v7e-m+fp/hard/libnosys.a
END GROUP
LOAD /Applications/STM32CubeIDE.app/Contents/Eclipse/plugins/com.st.stm32cube.ide.mcu.externaltools.gnu-tools-for-stm32.9-2020-q2-update.macos64_2.0.0.202105311346/tools/bin/../lib/gcc/arm-none-eabi/9.3.1/thumb/v7e-m+fp/hard/crtend.o
LOAD /Applications/STM32CubeIDE.app/Contents/Eclipse/plugins/com.st.stm32cube.ide.mcu.externaltools.gnu-tools-for-stm32.9-2020-q2-update.macos64_2.0.0.202105311346/tools/bin/../lib/gcc/arm-none-eabi/9.3.1/thumb/v7e-m+fp/hard/crtn.o
                0x0000000020020000                _estack = (ORIGIN (RAM) + LENGTH (RAM))
                0x0000000000000200                _Min_Heap_Size = 0x200
                0x0000000000000400                _Min_Stack_Size = 0x400

.isr_vector     0x0000000008000000      0x1d8
                0x0000000008000000                . = ALIGN (0x4)
 *(.isr_vector)
 .isr_vector    0x0000000008000000      0x1d8 ./Core/Startup/startup_stm32g474retx.o
                0x0000000008000000                g_pfnVectors
                0x00000000080001d8                . = ALIGN (0x4)

.text           0x00000000080001d8     0x3000
                0x00000000080001d8                . = ALIGN (0x4)
 *(.text)
 .text          0x00000000080001d8       0x40 /Applications/STM32CubeIDE.app/Contents/Eclipse/plugins/com.st.stm32cube.ide.mcu.externaltools.gnu-tools-for-stm32.9-2020-q2-update.macos64_2.0.0.202105311346/tools/bin/../lib/gcc/arm-none-eabi/9.3.1/thumb/v7e-m+fp/hard/crtbegin.o
 .text          0x0000000008000218       0x30 /Applications/STM32CubeIDE.app/Contents/Eclipse/plugins/com.st.stm32cube.ide.mcu.externaltools.gnu-tools-for-stm32.9-2020-q2-update.macos64_2.0.0.202105311346/tools/bin/../lib/gcc/arm-none-eabi/9.3.1/thumb/v7e-m+fp/hard/libgcc.a(_aeabi_uldivmod.o)
                0x0000000008000218                __aeabi_uldivmod
 .text          0x0000000008000248      0x2c4 /Applications/STM32CubeIDE.app/Contents/Eclipse/plugins/com.st.stm32cube.ide.mcu.externaltools.gnu-tools-for-stm32.9-2020-q2-update.macos64_2.0.0.202105311346/tools/bin/../lib/gcc/arm-none-eabi/9.3.1/thumb/v7e-m+fp/hard/libgcc.a(_udivmoddi4.o)
                0x0000000008000248                __udivmoddi4
 .text          0x000000000800050c        0x4 /Applications/STM32CubeIDE.app/Contents/Eclipse/plugins/com.st.stm32cube.ide.mcu.externaltools.gnu-tools-for-stm32.9-2020-q2-update.macos64_2.0.0.202105311346/tools/bin/../lib/gcc/arm-none-eabi/9.3.1/thumb/v7e-m+fp/hard/libgcc.a(_dvmd_tls.o)
                0x000000000800050c                __aeabi_ldiv0
                0x000000000800050c                __aeabi_idiv0
 *(.text*)
 .text.main     0x0000000008000510       0x6c ./Core/Src/main-ex1.o
                0x0000000008000510                main
 .text.MX_DAC1_Init
                0x000000000800057c       0x88 ./Core/Src/main-ex1.o
 .text.Error_Handler
                0x0000000008000604        0xa ./Core/Src/main-ex1.o
                0x0000000008000604                Error_Handler
 .text.Nucleo_BSP_Init
                0x000000000800060e       0x18 ./Core/Src/nucleo_hal_bsp.o
                0x000000000800060e                Nucleo_BSP_Init
 .text.SystemClock_Config
                0x0000000008000626       0xce ./Core/Src/nucleo_hal_bsp.o
                0x0000000008000626                SystemClock_Config
 .text.MX_USART2_UART_Init
                0x00000000080006f4       0x98 ./Core/Src/nucleo_hal_bsp.o
 .text.MX_GPIO_Init
                0x000000000800078c       0xdc ./Core/Src/nucleo_hal_bsp.o
 .text.MX_DMA_Init
                0x0000000008000868       0x48 ./Core/Src/nucleo_hal_bsp.o
 .text.HAL_MspInit
                0x00000000080008b0       0x48 ./Core/Src/stm32g4xx_hal_msp.o
                0x00000000080008b0                HAL_MspInit
 .text.HAL_DAC_MspInit
                0x00000000080008f8       0x7c ./Core/Src/stm32g4xx_hal_msp.o
                0x00000000080008f8                HAL_DAC_MspInit
 .text.HAL_UART_MspInit
                0x0000000008000974       0x84 ./Core/Src/stm32g4xx_hal_msp.o
                0x0000000008000974                HAL_UART_MspInit
 .text.NMI_Handler
                0x00000000080009f8        0x6 ./Core/Src/stm32g4xx_it.o
                0x00000000080009f8                NMI_Handler
 .text.HardFault_Handler
                0x00000000080009fe        0x6 ./Core/Src/stm32g4xx_it.o
                0x00000000080009fe                HardFault_Handler
 .text.MemManage_Handler
                0x0000000008000a04        0x6 ./Core/Src/stm32g4xx_it.o
                0x0000000008000a04                MemManage_Handler
 .text.BusFault_Handler
                0x0000000008000a0a        0x6 ./Core/Src/stm32g4xx_it.o
                0x0000000008000a0a                BusFault_Handler
 .text.UsageFault_Handler
                0x0000000008000a10        0x6 ./Core/Src/stm32g4xx_it.o
                0x0000000008000a10                UsageFault_Handler
 .text.SVC_Handler
                0x0000000008000a16        0xe ./Core/Src/stm32g4xx_it.o
                0x0000000008000a16                SVC_Handler
 .text.DebugMon_Handler
                0x0000000008000a24        0xe ./Core/Src/stm32g4xx_it.o
                0x0000000008000a24                DebugMon_Handler
 .text.PendSV_Handler
                0x0000000008000a32        0xe ./Core/Src/stm32g4xx_it.o
                0x0000000008000a32                PendSV_Handler
 .text.SysTick_Handler
                0x0000000008000a40        0xc ./Core/Src/stm32g4xx_it.o
                0x0000000008000a40                SysTick_Handler
 .text.EXTI15_10_IRQHandler
                0x0000000008000a4c       0x10 ./Core/Src/stm32g4xx_it.o
                0x0000000008000a4c                EXTI15_10_IRQHandler
 .text.SystemInit
                0x0000000008000a5c       0x24 ./Core/Src/system_stm32g4xx.o
                0x0000000008000a5c                SystemInit
 .text.Reset_Handler
                0x0000000008000a80       0x50 ./Core/Startup/startup_stm32g474retx.o
                0x0000000008000a80                Reset_Handler
 .text.Default_Handler
                0x0000000008000ad0        0x2 ./Core/Startup/startup_stm32g474retx.o
                0x0000000008000ad0                TIM1_BRK_TIM15_IRQHandler
                0x0000000008000ad0                EXTI2_IRQHandler
                0x0000000008000ad0                TIM8_TRG_COM_IRQHandler
                0x0000000008000ad0                TIM8_CC_IRQHandler
                0x0000000008000ad0                HRTIM1_Master_IRQHandler
                0x0000000008000ad0                SPI4_IRQHandler
                0x0000000008000ad0                FDCAN3_IT0_IRQHandler
                0x0000000008000ad0                TIM1_CC_IRQHandler
                0x0000000008000ad0                HRTIM1_FLT_IRQHandler
                0x0000000008000ad0                HRTIM1_TIMF_IRQHandler
                0x0000000008000ad0                USB_HP_IRQHandler
                0x0000000008000ad0                CORDIC_IRQHandler
                0x0000000008000ad0                HRTIM1_TIMD_IRQHandler
                0x0000000008000ad0                DMA2_Channel8_IRQHandler
                0x0000000008000ad0                EXTI3_IRQHandler
                0x0000000008000ad0                I2C3_ER_IRQHandler
                0x0000000008000ad0                EXTI0_IRQHandler
                0x0000000008000ad0                I2C2_EV_IRQHandler
                0x0000000008000ad0                FPU_IRQHandler
                0x0000000008000ad0                FDCAN1_IT1_IRQHandler
                0x0000000008000ad0                TIM1_UP_TIM16_IRQHandler
                0x0000000008000ad0                ADC1_2_IRQHandler
                0x0000000008000ad0                HRTIM1_TIME_IRQHandler
                0x0000000008000ad0                SPI1_IRQHandler
                0x0000000008000ad0                TIM6_DAC_IRQHandler
                0x0000000008000ad0                HRTIM1_TIMC_IRQHandler
                0x0000000008000ad0                TIM8_UP_IRQHandler
                0x0000000008000ad0                DMA2_Channel2_IRQHandler
                0x0000000008000ad0                DMA1_Channel4_IRQHandler
                0x0000000008000ad0                TIM20_TRG_COM_IRQHandler
                0x0000000008000ad0                USART3_IRQHandler
                0x0000000008000ad0                DMA1_Channel7_IRQHandler
                0x0000000008000ad0                UART5_IRQHandler
                0x0000000008000ad0                ADC3_IRQHandler
                0x0000000008000ad0                TIM4_IRQHandler
                0x0000000008000ad0                DMA2_Channel1_IRQHandler
                0x0000000008000ad0                QUADSPI_IRQHandler
                0x0000000008000ad0                I2C1_EV_IRQHandler
                0x0000000008000ad0                DMA1_Channel6_IRQHandler
                0x0000000008000ad0                UART4_IRQHandler
                0x0000000008000ad0                DMA2_Channel4_IRQHandler
                0x0000000008000ad0                TIM3_IRQHandler
                0x0000000008000ad0                RCC_IRQHandler
                0x0000000008000ad0                TIM20_UP_IRQHandler
                0x0000000008000ad0                DMA1_Channel1_IRQHandler
                0x0000000008000ad0                Default_Handler
                0x0000000008000ad0                DMA2_Channel7_IRQHandler
                0x0000000008000ad0                RTC_TAMP_LSECSS_IRQHandler
                0x0000000008000ad0                FMAC_IRQHandler
                0x0000000008000ad0                DMA1_Channel8_IRQHandler
                0x0000000008000ad0                HRTIM1_TIMA_IRQHandler
                0x0000000008000ad0                TIM7_DAC_IRQHandler
                0x0000000008000ad0                FDCAN3_IT1_IRQHandler
                0x0000000008000ad0                TIM5_IRQHandler
                0x0000000008000ad0                UCPD1_IRQHandler
                0x0000000008000ad0                I2C3_EV_IRQHandler
                0x0000000008000ad0                EXTI9_5_IRQHandler
                0x0000000008000ad0                RTC_WKUP_IRQHandler
                0x0000000008000ad0                PVD_PVM_IRQHandler
                0x0000000008000ad0                SPI2_IRQHandler
                0x0000000008000ad0                ADC5_IRQHandler
                0x0000000008000ad0                DMA2_Channel5_IRQHandler
                0x0000000008000ad0                CRS_IRQHandler
                0x0000000008000ad0                DMA1_Channel5_IRQHandler
                0x0000000008000ad0                USB_LP_IRQHandler
                0x0000000008000ad0                EXTI4_IRQHandler
                0x0000000008000ad0                RNG_IRQHandler
                0x0000000008000ad0                HRTIM1_TIMB_IRQHandler
                0x0000000008000ad0                TIM1_TRG_COM_TIM17_IRQHandler
                0x0000000008000ad0                FDCAN2_IT1_IRQHandler
                0x0000000008000ad0                DMA1_Channel3_IRQHandler
                0x0000000008000ad0                ADC4_IRQHandler
                0x0000000008000ad0                WWDG_IRQHandler
                0x0000000008000ad0                I2C4_EV_IRQHandler
                0x0000000008000ad0                FDCAN2_IT0_IRQHandler
                0x0000000008000ad0                LPUART1_IRQHandler
                0x0000000008000ad0                DMA2_Channel6_IRQHandler
                0x0000000008000ad0                FDCAN1_IT0_IRQHandler
                0x0000000008000ad0                TIM2_IRQHandler
                0x0000000008000ad0                COMP7_IRQHandler
                0x0000000008000ad0                COMP1_2_3_IRQHandler
                0x0000000008000ad0                EXTI1_IRQHandler
                0x0000000008000ad0                USART2_IRQHandler
                0x0000000008000ad0                COMP4_5_6_IRQHandler
                0x0000000008000ad0                TIM20_BRK_IRQHandler
                0x0000000008000ad0                I2C2_ER_IRQHandler
                0x0000000008000ad0                DMA1_Channel2_IRQHandler
                0x0000000008000ad0                TIM8_BRK_IRQHandler
                0x0000000008000ad0                FLASH_IRQHandler
                0x0000000008000ad0                TIM20_CC_IRQHandler
                0x0000000008000ad0                USART1_IRQHandler
                0x0000000008000ad0                SPI3_IRQHandler
                0x0000000008000ad0                I2C1_ER_IRQHandler
                0x0000000008000ad0                FMC_IRQHandler
                0x0000000008000ad0                LPTIM1_IRQHandler
                0x0000000008000ad0                DMAMUX_OVR_IRQHandler
                0x0000000008000ad0                I2C4_ER_IRQHandler
                0x0000000008000ad0                USBWakeUp_IRQHandler
                0x0000000008000ad0                SAI1_IRQHandler
                0x0000000008000ad0                DMA2_Channel3_IRQHandler
                0x0000000008000ad0                RTC_Alarm_IRQHandler
 .text.HAL_Init
                0x0000000008000ad2       0x30 ./Drivers/STM32G4xx_HAL_Driver/Src/stm32g4xx_hal.o
                0x0000000008000ad2                HAL_Init
 *fill*         0x0000000008000b02        0x2 
 .text.HAL_InitTick
                0x0000000008000b04       0x74 ./Drivers/STM32G4xx_HAL_Driver/Src/stm32g4xx_hal.o
                0x0000000008000b04                HAL_InitTick
 .text.HAL_IncTick
                0x0000000008000b78       0x24 ./Drivers/STM32G4xx_HAL_Driver/Src/stm32g4xx_hal.o
                0x0000000008000b78                HAL_IncTick
 .text.HAL_GetTick
                0x0000000008000b9c       0x18 ./Drivers/STM32G4xx_HAL_Driver/Src/stm32g4xx_hal.o
                0x0000000008000b9c                HAL_GetTick
 .text.HAL_Delay
                0x0000000008000bb4       0x44 ./Drivers/STM32G4xx_HAL_Driver/Src/stm32g4xx_hal.o
                0x0000000008000bb4                HAL_Delay
 .text.__NVIC_SetPriorityGrouping
                0x0000000008000bf8       0x48 ./Drivers/STM32G4xx_HAL_Driver/Src/stm32g4xx_hal_cortex.o
 .text.__NVIC_GetPriorityGrouping
                0x0000000008000c40       0x1c ./Drivers/STM32G4xx_HAL_Driver/Src/stm32g4xx_hal_cortex.o
 .text.__NVIC_EnableIRQ
                0x0000000008000c5c       0x3c ./Drivers/STM32G4xx_HAL_Driver/Src/stm32g4xx_hal_cortex.o
 .text.__NVIC_SetPriority
                0x0000000008000c98       0x54 ./Drivers/STM32G4xx_HAL_Driver/Src/stm32g4xx_hal_cortex.o
 .text.NVIC_EncodePriority
                0x0000000008000cec       0x66 ./Drivers/STM32G4xx_HAL_Driver/Src/stm32g4xx_hal_cortex.o
 *fill*         0x0000000008000d52        0x2 
 .text.SysTick_Config
                0x0000000008000d54       0x44 ./Drivers/STM32G4xx_HAL_Driver/Src/stm32g4xx_hal_cortex.o
 .text.HAL_NVIC_SetPriorityGrouping
                0x0000000008000d98       0x16 ./Drivers/STM32G4xx_HAL_Driver/Src/stm32g4xx_hal_cortex.o
                0x0000000008000d98                HAL_NVIC_SetPriorityGrouping
 .text.HAL_NVIC_SetPriority
                0x0000000008000dae       0x34 ./Drivers/STM32G4xx_HAL_Driver/Src/stm32g4xx_hal_cortex.o
                0x0000000008000dae                HAL_NVIC_SetPriority
 .text.HAL_NVIC_EnableIRQ
                0x0000000008000de2       0x1c ./Drivers/STM32G4xx_HAL_Driver/Src/stm32g4xx_hal_cortex.o
                0x0000000008000de2                HAL_NVIC_EnableIRQ
 .text.HAL_SYSTICK_Config
                0x0000000008000dfe       0x18 ./Drivers/STM32G4xx_HAL_Driver/Src/stm32g4xx_hal_cortex.o
                0x0000000008000dfe                HAL_SYSTICK_Config
 .text.HAL_DAC_Init
                0x0000000008000e16       0x44 ./Drivers/STM32G4xx_HAL_Driver/Src/stm32g4xx_hal_dac.o
                0x0000000008000e16                HAL_DAC_Init
 .text.HAL_DAC_Start
                0x0000000008000e5a       0xa6 ./Drivers/STM32G4xx_HAL_Driver/Src/stm32g4xx_hal_dac.o
                0x0000000008000e5a                HAL_DAC_Start
 .text.HAL_DAC_SetValue
                0x0000000008000f00       0x50 ./Drivers/STM32G4xx_HAL_Driver/Src/stm32g4xx_hal_dac.o
                0x0000000008000f00                HAL_DAC_SetValue
 .text.HAL_DAC_ConfigChannel
                0x0000000008000f50      0x350 ./Drivers/STM32G4xx_HAL_Driver/Src/stm32g4xx_hal_dac.o
                0x0000000008000f50                HAL_DAC_ConfigChannel
 .text.HAL_GPIO_Init
                0x00000000080012a0      0x304 ./Drivers/STM32G4xx_HAL_Driver/Src/stm32g4xx_hal_gpio.o
                0x00000000080012a0                HAL_GPIO_Init
 .text.HAL_GPIO_EXTI_IRQHandler
                0x00000000080015a4       0x30 ./Drivers/STM32G4xx_HAL_Driver/Src/stm32g4xx_hal_gpio.o
                0x00000000080015a4                HAL_GPIO_EXTI_IRQHandler
 .text.HAL_GPIO_EXTI_Callback
                0x00000000080015d4       0x16 ./Drivers/STM32G4xx_HAL_Driver/Src/stm32g4xx_hal_gpio.o
                0x00000000080015d4                HAL_GPIO_EXTI_Callback
 *fill*         0x00000000080015ea        0x2 
 .text.HAL_PWREx_ControlVoltageScaling
                0x00000000080015ec      0x148 ./Drivers/STM32G4xx_HAL_Driver/Src/stm32g4xx_hal_pwr_ex.o
                0x00000000080015ec                HAL_PWREx_ControlVoltageScaling
 .text.HAL_PWREx_DisableUCPDDeadBattery
                0x0000000008001734       0x20 ./Drivers/STM32G4xx_HAL_Driver/Src/stm32g4xx_hal_pwr_ex.o
                0x0000000008001734                HAL_PWREx_DisableUCPDDeadBattery
 .text.HAL_RCC_OscConfig
                0x0000000008001754      0x630 ./Drivers/STM32G4xx_HAL_Driver/Src/stm32g4xx_hal_rcc.o
                0x0000000008001754                HAL_RCC_OscConfig
 .text.HAL_RCC_ClockConfig
                0x0000000008001d84      0x278 ./Drivers/STM32G4xx_HAL_Driver/Src/stm32g4xx_hal_rcc.o
                0x0000000008001d84                HAL_RCC_ClockConfig
 .text.HAL_RCC_GetSysClockFreq
                0x0000000008001ffc       0xc4 ./Drivers/STM32G4xx_HAL_Driver/Src/stm32g4xx_hal_rcc.o
                0x0000000008001ffc                HAL_RCC_GetSysClockFreq
 .text.HAL_RCC_GetHCLKFreq
                0x00000000080020c0       0x18 ./Drivers/STM32G4xx_HAL_Driver/Src/stm32g4xx_hal_rcc.o
                0x00000000080020c0                HAL_RCC_GetHCLKFreq
 .text.HAL_RCC_GetPCLK1Freq
                0x00000000080020d8       0x2c ./Drivers/STM32G4xx_HAL_Driver/Src/stm32g4xx_hal_rcc.o
                0x00000000080020d8                HAL_RCC_GetPCLK1Freq
 .text.HAL_RCC_GetPCLK2Freq
                0x0000000008002104       0x2c ./Drivers/STM32G4xx_HAL_Driver/Src/stm32g4xx_hal_rcc.o
                0x0000000008002104                HAL_RCC_GetPCLK2Freq
 .text.RCC_GetSysClockFreqFromPLLSource
                0x0000000008002130       0x8c ./Drivers/STM32G4xx_HAL_Driver/Src/stm32g4xx_hal_rcc.o
 .text.HAL_RCCEx_PeriphCLKConfig
                0x00000000080021bc      0x498 ./Drivers/STM32G4xx_HAL_Driver/Src/stm32g4xx_hal_rcc_ex.o
                0x00000000080021bc                HAL_RCCEx_PeriphCLKConfig
 .text.HAL_UART_Init
                0x0000000008002654       0xa0 ./Drivers/STM32G4xx_HAL_Driver/Src/stm32g4xx_hal_uart.o
                0x0000000008002654                HAL_UART_Init
 .text.UART_SetConfig
                0x00000000080026f4      0x594 ./Drivers/STM32G4xx_HAL_Driver/Src/stm32g4xx_hal_uart.o
                0x00000000080026f4                UART_SetConfig
 .text.UART_AdvFeatureConfig
                0x0000000008002c88      0x144 ./Drivers/STM32G4xx_HAL_Driver/Src/stm32g4xx_hal_uart.o
                0x0000000008002c88                UART_AdvFeatureConfig
 .text.UART_CheckIdleState
                0x0000000008002dcc       0x96 ./Drivers/STM32G4xx_HAL_Driver/Src/stm32g4xx_hal_uart.o
                0x0000000008002dcc                UART_CheckIdleState
 .text.UART_WaitOnFlagUntilTimeout
                0x0000000008002e62      0x100 ./Drivers/STM32G4xx_HAL_Driver/Src/stm32g4xx_hal_uart.o
                0x0000000008002e62                UART_WaitOnFlagUntilTimeout
 .text.HAL_UARTEx_DisableFifoMode
                0x0000000008002f62       0x72 ./Drivers/STM32G4xx_HAL_Driver/Src/stm32g4xx_hal_uart_ex.o
                0x0000000008002f62                HAL_UARTEx_DisableFifoMode
 .text.HAL_UARTEx_SetTxFifoThreshold
                0x0000000008002fd4       0x7c ./Drivers/STM32G4xx_HAL_Driver/Src/stm32g4xx_hal_uart_ex.o
                0x0000000008002fd4                HAL_UARTEx_SetTxFifoThreshold
 .text.HAL_UARTEx_SetRxFifoThreshold
                0x0000000008003050       0x7c ./Drivers/STM32G4xx_HAL_Driver/Src/stm32g4xx_hal_uart_ex.o
                0x0000000008003050                HAL_UARTEx_SetRxFifoThreshold
 .text.UARTEx_SetNbDataToProcess
                0x00000000080030cc       0x9c ./Drivers/STM32G4xx_HAL_Driver/Src/stm32g4xx_hal_uart_ex.o
 .text.__libc_init_array
                0x0000000008003168       0x48 /Applications/STM32CubeIDE.app/Contents/Eclipse/plugins/com.st.stm32cube.ide.mcu.externaltools.gnu-tools-for-stm32.9-2020-q2-update.macos64_2.0.0.202105311346/tools/bin/../lib/gcc/arm-none-eabi/9.3.1/../../../../arm-none-eabi/lib/thumb/v7e-m+fp/hard/libc_nano.a(lib_a-init.o)
                0x0000000008003168                __libc_init_array
 .text.memset   0x00000000080031b0       0x10 /Applications/STM32CubeIDE.app/Contents/Eclipse/plugins/com.st.stm32cube.ide.mcu.externaltools.gnu-tools-for-stm32.9-2020-q2-update.macos64_2.0.0.202105311346/tools/bin/../lib/gcc/arm-none-eabi/9.3.1/../../../../arm-none-eabi/lib/thumb/v7e-m+fp/hard/libc_nano.a(lib_a-memset.o)
                0x00000000080031b0                memset
 *(.glue_7)
 .glue_7        0x00000000080031c0        0x0 linker stubs
 *(.glue_7t)
 .glue_7t       0x00000000080031c0        0x0 linker stubs
 *(.eh_frame)
 .eh_frame      0x00000000080031c0        0x0 /Applications/STM32CubeIDE.app/Contents/Eclipse/plugins/com.st.stm32cube.ide.mcu.externaltools.gnu-tools-for-stm32.9-2020-q2-update.macos64_2.0.0.202105311346/tools/bin/../lib/gcc/arm-none-eabi/9.3.1/thumb/v7e-m+fp/hard/crtbegin.o
 *(.init)
 .init          0x00000000080031c0        0x4 /Applications/STM32CubeIDE.app/Contents/Eclipse/plugins/com.st.stm32cube.ide.mcu.externaltools.gnu-tools-for-stm32.9-2020-q2-update.macos64_2.0.0.202105311346/tools/bin/../lib/gcc/arm-none-eabi/9.3.1/thumb/v7e-m+fp/hard/crti.o
                0x00000000080031c0                _init
 .init          0x00000000080031c4        0x8 /Applications/STM32CubeIDE.app/Contents/Eclipse/plugins/com.st.stm32cube.ide.mcu.externaltools.gnu-tools-for-stm32.9-2020-q2-update.macos64_2.0.0.202105311346/tools/bin/../lib/gcc/arm-none-eabi/9.3.1/thumb/v7e-m+fp/hard/crtn.o
 *(.fini)
 .fini          0x00000000080031cc        0x4 /Applications/STM32CubeIDE.app/Contents/Eclipse/plugins/com.st.stm32cube.ide.mcu.externaltools.gnu-tools-for-stm32.9-2020-q2-update.macos64_2.0.0.202105311346/tools/bin/../lib/gcc/arm-none-eabi/9.3.1/thumb/v7e-m+fp/hard/crti.o
                0x00000000080031cc                _fini
 .fini          0x00000000080031d0        0x8 /Applications/STM32CubeIDE.app/Contents/Eclipse/plugins/com.st.stm32cube.ide.mcu.externaltools.gnu-tools-for-stm32.9-2020-q2-update.macos64_2.0.0.202105311346/tools/bin/../lib/gcc/arm-none-eabi/9.3.1/thumb/v7e-m+fp/hard/crtn.o
                0x00000000080031d8                . = ALIGN (0x4)
                0x00000000080031d8                _etext = .

.vfp11_veneer   0x00000000080031d8        0x0
 .vfp11_veneer  0x00000000080031d8        0x0 linker stubs

.v4_bx          0x00000000080031d8        0x0
 .v4_bx         0x00000000080031d8        0x0 linker stubs

.iplt           0x00000000080031d8        0x0
 .iplt          0x00000000080031d8        0x0 /Applications/STM32CubeIDE.app/Contents/Eclipse/plugins/com.st.stm32cube.ide.mcu.externaltools.gnu-tools-for-stm32.9-2020-q2-update.macos64_2.0.0.202105311346/tools/bin/../lib/gcc/arm-none-eabi/9.3.1/thumb/v7e-m+fp/hard/crtbegin.o

.rodata         0x00000000080031d8       0x40
                0x00000000080031d8                . = ALIGN (0x4)
 *(.rodata)
 *(.rodata*)
 .rodata.AHBPrescTable
                0x00000000080031d8       0x10 ./Core/Src/system_stm32g4xx.o
                0x00000000080031d8                AHBPrescTable
 .rodata.APBPrescTable
                0x00000000080031e8        0x8 ./Core/Src/system_stm32g4xx.o
                0x00000000080031e8                APBPrescTable
 .rodata.UARTPrescTable
                0x00000000080031f0       0x18 ./Drivers/STM32G4xx_HAL_Driver/Src/stm32g4xx_hal_uart.o
                0x00000000080031f0                UARTPrescTable
 .rodata.numerator.8995
                0x0000000008003208        0x8 ./Drivers/STM32G4xx_HAL_Driver/Src/stm32g4xx_hal_uart_ex.o
 .rodata.denominator.8996
                0x0000000008003210        0x8 ./Drivers/STM32G4xx_HAL_Driver/Src/stm32g4xx_hal_uart_ex.o
                0x0000000008003218                . = ALIGN (0x4)

.ARM.extab      0x0000000008003218        0x0
                0x0000000008003218                . = ALIGN (0x4)
 *(.ARM.extab* .gnu.linkonce.armextab.*)
                0x0000000008003218                . = ALIGN (0x4)

.ARM            0x0000000008003218        0x8
                0x0000000008003218                . = ALIGN (0x4)
                0x0000000008003218                __exidx_start = .
 *(.ARM.exidx*)
 .ARM.exidx     0x0000000008003218        0x8 /Applications/STM32CubeIDE.app/Contents/Eclipse/plugins/com.st.stm32cube.ide.mcu.externaltools.gnu-tools-for-stm32.9-2020-q2-update.macos64_2.0.0.202105311346/tools/bin/../lib/gcc/arm-none-eabi/9.3.1/thumb/v7e-m+fp/hard/libgcc.a(_udivmoddi4.o)
                0x0000000008003220                __exidx_end = .
                0x0000000008003220                . = ALIGN (0x4)

.rel.dyn        0x0000000008003220        0x0
 .rel.iplt      0x0000000008003220        0x0 /Applications/STM32CubeIDE.app/Contents/Eclipse/plugins/com.st.stm32cube.ide.mcu.externaltools.gnu-tools-for-stm32.9-2020-q2-update.macos64_2.0.0.202105311346/tools/bin/../lib/gcc/arm-none-eabi/9.3.1/thumb/v7e-m+fp/hard/crtbegin.o

.preinit_array  0x0000000008003220        0x0
                0x0000000008003220                . = ALIGN (0x4)
                0x0000000008003220                PROVIDE (__preinit_array_start = .)
 *(.preinit_array*)
                0x0000000008003220                PROVIDE (__preinit_array_end = .)
                0x0000000008003220                . = ALIGN (0x4)

.init_array     0x0000000008003220        0x4
                0x0000000008003220                . = ALIGN (0x4)
                0x0000000008003220                PROVIDE (__init_array_start = .)
 *(SORT_BY_NAME(.init_array.*))
 *(.init_array*)
 .init_array    0x0000000008003220        0x4 /Applications/STM32CubeIDE.app/Contents/Eclipse/plugins/com.st.stm32cube.ide.mcu.externaltools.gnu-tools-for-stm32.9-2020-q2-update.macos64_2.0.0.202105311346/tools/bin/../lib/gcc/arm-none-eabi/9.3.1/thumb/v7e-m+fp/hard/crtbegin.o
                0x0000000008003224                PROVIDE (__init_array_end = .)
                0x0000000008003224                . = ALIGN (0x4)

.fini_array     0x0000000008003224        0x4
                0x0000000008003224                . = ALIGN (0x4)
                [!provide]                        PROVIDE (__fini_array_start = .)
 *(SORT_BY_NAME(.fini_array.*))
 *(.fini_array*)
 .fini_array    0x0000000008003224        0x4 /Applications/STM32CubeIDE.app/Contents/Eclipse/plugins/com.st.stm32cube.ide.mcu.externaltools.gnu-tools-for-stm32.9-2020-q2-update.macos64_2.0.0.202105311346/tools/bin/../lib/gcc/arm-none-eabi/9.3.1/thumb/v7e-m+fp/hard/crtbegin.o
                [!provide]                        PROVIDE (__fini_array_end = .)
                0x0000000008003228                . = ALIGN (0x4)
                0x0000000008003228                _sidata = LOADADDR (.data)

.data           0x0000000020000000        0xc load address 0x0000000008003228
                0x0000000020000000                . = ALIGN (0x4)
                0x0000000020000000                _sdata = .
 *(.data)
 *(.data*)
 .data.SystemCoreClock
                0x0000000020000000        0x4 ./Core/Src/system_stm32g4xx.o
                0x0000000020000000                SystemCoreClock
 .data.uwTickPrio
                0x0000000020000004        0x4 ./Drivers/STM32G4xx_HAL_Driver/Src/stm32g4xx_hal.o
                0x0000000020000004                uwTickPrio
 .data.uwTickFreq
                0x0000000020000008        0x4 ./Drivers/STM32G4xx_HAL_Driver/Src/stm32g4xx_hal.o
                0x0000000020000008                uwTickFreq
 *(.RamFunc)
 *(.RamFunc*)
                0x000000002000000c                . = ALIGN (0x4)
                0x000000002000000c                _edata = .

.igot.plt       0x000000002000000c        0x0 load address 0x0000000008003234
 .igot.plt      0x000000002000000c        0x0 /Applications/STM32CubeIDE.app/Contents/Eclipse/plugins/com.st.stm32cube.ide.mcu.externaltools.gnu-tools-for-stm32.9-2020-q2-update.macos64_2.0.0.202105311346/tools/bin/../lib/gcc/arm-none-eabi/9.3.1/thumb/v7e-m+fp/hard/crtbegin.o
                0x000000002000000c                . = ALIGN (0x4)

.bss            0x000000002000000c       0xc4 load address 0x0000000008003234
                0x000000002000000c                _sbss = .
                0x000000002000000c                __bss_start__ = _sbss
 *(.bss)
 .bss           0x000000002000000c       0x1c /Applications/STM32CubeIDE.app/Contents/Eclipse/plugins/com.st.stm32cube.ide.mcu.externaltools.gnu-tools-for-stm32.9-2020-q2-update.macos64_2.0.0.202105311346/tools/bin/../lib/gcc/arm-none-eabi/9.3.1/thumb/v7e-m+fp/hard/crtbegin.o
 *(.bss*)
 *(COMMON)
 COMMON         0x0000000020000028       0x14 ./Core/Src/main-ex1.o
                0x0000000020000028                hdac1
 COMMON         0x000000002000003c       0x90 ./Core/Src/nucleo_hal_bsp.o
                0x000000002000003c                huart2
 COMMON         0x00000000200000cc        0x4 ./Drivers/STM32G4xx_HAL_Driver/Src/stm32g4xx_hal.o
                0x00000000200000cc                uwTick
                0x00000000200000d0                . = ALIGN (0x4)
                0x00000000200000d0                _ebss = .
                0x00000000200000d0                __bss_end__ = _ebss

._user_heap_stack
                0x00000000200000d0      0x600 load address 0x0000000008003234
                0x00000000200000d0                . = ALIGN (0x8)
                [!provide]                        PROVIDE (end = .)
                0x00000000200000d0                PROVIDE (_end = .)
                0x00000000200002d0                . = (. + _Min_Heap_Size)
 *fill*         0x00000000200000d0      0x200 
                0x00000000200006d0                . = (. + _Min_Stack_Size)
 *fill*         0x00000000200002d0      0x400 
                0x00000000200006d0                . = ALIGN (0x8)

/DISCARD/
 libc.a(*)
 libm.a(*)
 libgcc.a(*)

.ARM.attributes
                0x0000000000000000       0x30
 *(.ARM.attributes)
 .ARM.attributes
                0x0000000000000000       0x1e /Applications/STM32CubeIDE.app/Contents/Eclipse/plugins/com.st.stm32cube.ide.mcu.externaltools.gnu-tools-for-stm32.9-2020-q2-update.macos64_2.0.0.202105311346/tools/bin/../lib/gcc/arm-none-eabi/9.3.1/thumb/v7e-m+fp/hard/crti.o
 .ARM.attributes
                0x000000000000001e       0x34 /Applications/STM32CubeIDE.app/Contents/Eclipse/plugins/com.st.stm32cube.ide.mcu.externaltools.gnu-tools-for-stm32.9-2020-q2-update.macos64_2.0.0.202105311346/tools/bin/../lib/gcc/arm-none-eabi/9.3.1/thumb/v7e-m+fp/hard/crtbegin.o
 .ARM.attributes
                0x0000000000000052       0x34 ./Core/Src/main-ex1.o
 .ARM.attributes
                0x0000000000000086       0x34 ./Core/Src/nucleo_hal_bsp.o
 .ARM.attributes
                0x00000000000000ba       0x34 ./Core/Src/stm32g4xx_hal_msp.o
 .ARM.attributes
                0x00000000000000ee       0x34 ./Core/Src/stm32g4xx_it.o
 .ARM.attributes
                0x0000000000000122       0x34 ./Core/Src/system_stm32g4xx.o
 .ARM.attributes
                0x0000000000000156       0x21 ./Core/Startup/startup_stm32g474retx.o
 .ARM.attributes
                0x0000000000000177       0x34 ./Drivers/STM32G4xx_HAL_Driver/Src/stm32g4xx_hal.o
 .ARM.attributes
                0x00000000000001ab       0x34 ./Drivers/STM32G4xx_HAL_Driver/Src/stm32g4xx_hal_cortex.o
 .ARM.attributes
                0x00000000000001df       0x34 ./Drivers/STM32G4xx_HAL_Driver/Src/stm32g4xx_hal_dac.o
 .ARM.attributes
                0x0000000000000213       0x34 ./Drivers/STM32G4xx_HAL_Driver/Src/stm32g4xx_hal_gpio.o
 .ARM.attributes
                0x0000000000000247       0x34 ./Drivers/STM32G4xx_HAL_Driver/Src/stm32g4xx_hal_pwr_ex.o
 .ARM.attributes
                0x000000000000027b       0x34 ./Drivers/STM32G4xx_HAL_Driver/Src/stm32g4xx_hal_rcc.o
 .ARM.attributes
                0x00000000000002af       0x34 ./Drivers/STM32G4xx_HAL_Driver/Src/stm32g4xx_hal_rcc_ex.o
 .ARM.attributes
                0x00000000000002e3       0x34 ./Drivers/STM32G4xx_HAL_Driver/Src/stm32g4xx_hal_uart.o
 .ARM.attributes
                0x0000000000000317       0x34 ./Drivers/STM32G4xx_HAL_Driver/Src/stm32g4xx_hal_uart_ex.o
 .ARM.attributes
                0x000000000000034b       0x34 /Applications/STM32CubeIDE.app/Contents/Eclipse/plugins/com.st.stm32cube.ide.mcu.externaltools.gnu-tools-for-stm32.9-2020-q2-update.macos64_2.0.0.202105311346/tools/bin/../lib/gcc/arm-none-eabi/9.3.1/../../../../arm-none-eabi/lib/thumb/v7e-m+fp/hard/libc_nano.a(lib_a-init.o)
 .ARM.attributes
                0x000000000000037f       0x34 /Applications/STM32CubeIDE.app/Contents/Eclipse/plugins/com.st.stm32cube.ide.mcu.externaltools.gnu-tools-for-stm32.9-2020-q2-update.macos64_2.0.0.202105311346/tools/bin/../lib/gcc/arm-none-eabi/9.3.1/../../../../arm-none-eabi/lib/thumb/v7e-m+fp/hard/libc_nano.a(lib_a-memset.o)
 .ARM.attributes
                0x00000000000003b3       0x1e /Applications/STM32CubeIDE.app/Contents/Eclipse/plugins/com.st.stm32cube.ide.mcu.externaltools.gnu-tools-for-stm32.9-2020-q2-update.macos64_2.0.0.202105311346/tools/bin/../lib/gcc/arm-none-eabi/9.3.1/thumb/v7e-m+fp/hard/libgcc.a(_aeabi_uldivmod.o)
 .ARM.attributes
                0x00000000000003d1       0x34 /Applications/STM32CubeIDE.app/Contents/Eclipse/plugins/com.st.stm32cube.ide.mcu.externaltools.gnu-tools-for-stm32.9-2020-q2-update.macos64_2.0.0.202105311346/tools/bin/../lib/gcc/arm-none-eabi/9.3.1/thumb/v7e-m+fp/hard/libgcc.a(_udivmoddi4.o)
 .ARM.attributes
                0x0000000000000405       0x1e /Applications/STM32CubeIDE.app/Contents/Eclipse/plugins/com.st.stm32cube.ide.mcu.externaltools.gnu-tools-for-stm32.9-2020-q2-update.macos64_2.0.0.202105311346/tools/bin/../lib/gcc/arm-none-eabi/9.3.1/thumb/v7e-m+fp/hard/libgcc.a(_dvmd_tls.o)
 .ARM.attributes
                0x0000000000000423       0x1e /Applications/STM32CubeIDE.app/Contents/Eclipse/plugins/com.st.stm32cube.ide.mcu.externaltools.gnu-tools-for-stm32.9-2020-q2-update.macos64_2.0.0.202105311346/tools/bin/../lib/gcc/arm-none-eabi/9.3.1/thumb/v7e-m+fp/hard/crtn.o
OUTPUT(CH13.elf elf32-littlearm)
LOAD linker stubs
LOAD /Applications/STM32CubeIDE.app/Contents/Eclipse/plugins/com.st.stm32cube.ide.mcu.externaltools.gnu-tools-for-stm32.9-2020-q2-update.macos64_2.0.0.202105311346/tools/bin/../lib/gcc/arm-none-eabi/9.3.1/../../../../arm-none-eabi/lib/thumb/v7e-m+fp/hard/libc.a
LOAD /Applications/STM32CubeIDE.app/Contents/Eclipse/plugins/com.st.stm32cube.ide.mcu.externaltools.gnu-tools-for-stm32.9-2020-q2-update.macos64_2.0.0.202105311346/tools/bin/../lib/gcc/arm-none-eabi/9.3.1/../../../../arm-none-eabi/lib/thumb/v7e-m+fp/hard/libm.a
LOAD /Applications/STM32CubeIDE.app/Contents/Eclipse/plugins/com.st.stm32cube.ide.mcu.externaltools.gnu-tools-for-stm32.9-2020-q2-update.macos64_2.0.0.202105311346/tools/bin/../lib/gcc/arm-none-eabi/9.3.1/thumb/v7e-m+fp/hard/libgcc.a

.debug_info     0x0000000000000000     0xd3df
 .debug_info    0x0000000000000000     0x12b4 ./Core/Src/main-ex1.o
 .debug_info    0x00000000000012b4     0x1340 ./Core/Src/nucleo_hal_bsp.o
 .debug_info    0x00000000000025f4     0x149c ./Core/Src/stm32g4xx_hal_msp.o
 .debug_info    0x0000000000003a90      0x6a6 ./Core/Src/stm32g4xx_it.o
 .debug_info    0x0000000000004136      0x757 ./Core/Src/system_stm32g4xx.o
 .debug_info    0x000000000000488d       0x22 ./Core/Startup/startup_stm32g474retx.o
 .debug_info    0x00000000000048af      0xd3c ./Drivers/STM32G4xx_HAL_Driver/Src/stm32g4xx_hal.o
 .debug_info    0x00000000000055eb     0x1071 ./Drivers/STM32G4xx_HAL_Driver/Src/stm32g4xx_hal_cortex.o
 .debug_info    0x000000000000665c      0xe5d ./Drivers/STM32G4xx_HAL_Driver/Src/stm32g4xx_hal_dac.o
 .debug_info    0x00000000000074b9      0xa3a ./Drivers/STM32G4xx_HAL_Driver/Src/stm32g4xx_hal_gpio.o
 .debug_info    0x0000000000007ef3      0xb79 ./Drivers/STM32G4xx_HAL_Driver/Src/stm32g4xx_hal_pwr_ex.o
 .debug_info    0x0000000000008a6c      0xe04 ./Drivers/STM32G4xx_HAL_Driver/Src/stm32g4xx_hal_rcc.o
 .debug_info    0x0000000000009870      0xed3 ./Drivers/STM32G4xx_HAL_Driver/Src/stm32g4xx_hal_rcc_ex.o
 .debug_info    0x000000000000a743     0x1dae ./Drivers/STM32G4xx_HAL_Driver/Src/stm32g4xx_hal_uart.o
 .debug_info    0x000000000000c4f1      0xeee ./Drivers/STM32G4xx_HAL_Driver/Src/stm32g4xx_hal_uart_ex.o

.debug_abbrev   0x0000000000000000     0x1dbf
 .debug_abbrev  0x0000000000000000      0x27e ./Core/Src/main-ex1.o
 .debug_abbrev  0x000000000000027e      0x201 ./Core/Src/nucleo_hal_bsp.o
 .debug_abbrev  0x000000000000047f      0x20c ./Core/Src/stm32g4xx_hal_msp.o
 .debug_abbrev  0x000000000000068b      0x163 ./Core/Src/stm32g4xx_it.o
 .debug_abbrev  0x00000000000007ee      0x165 ./Core/Src/system_stm32g4xx.o
 .debug_abbrev  0x0000000000000953       0x12 ./Core/Startup/startup_stm32g474retx.o
 .debug_abbrev  0x0000000000000965      0x227 ./Drivers/STM32G4xx_HAL_Driver/Src/stm32g4xx_hal.o
 .debug_abbrev  0x0000000000000b8c      0x333 ./Drivers/STM32G4xx_HAL_Driver/Src/stm32g4xx_hal_cortex.o
 .debug_abbrev  0x0000000000000ebf      0x1f2 ./Drivers/STM32G4xx_HAL_Driver/Src/stm32g4xx_hal_dac.o
 .debug_abbrev  0x00000000000010b1      0x1e8 ./Drivers/STM32G4xx_HAL_Driver/Src/stm32g4xx_hal_gpio.o
 .debug_abbrev  0x0000000000001299      0x229 ./Drivers/STM32G4xx_HAL_Driver/Src/stm32g4xx_hal_pwr_ex.o
 .debug_abbrev  0x00000000000014c2      0x275 ./Drivers/STM32G4xx_HAL_Driver/Src/stm32g4xx_hal_rcc.o
 .debug_abbrev  0x0000000000001737      0x230 ./Drivers/STM32G4xx_HAL_Driver/Src/stm32g4xx_hal_rcc_ex.o
 .debug_abbrev  0x0000000000001967      0x24e ./Drivers/STM32G4xx_HAL_Driver/Src/stm32g4xx_hal_uart.o
 .debug_abbrev  0x0000000000001bb5      0x20a ./Drivers/STM32G4xx_HAL_Driver/Src/stm32g4xx_hal_uart_ex.o

.debug_aranges  0x0000000000000000      0xa48
 .debug_aranges
                0x0000000000000000       0x30 ./Core/Src/main-ex1.o
 .debug_aranges
                0x0000000000000030       0x40 ./Core/Src/nucleo_hal_bsp.o
 .debug_aranges
                0x0000000000000070       0x50 ./Core/Src/stm32g4xx_hal_msp.o
 .debug_aranges
                0x00000000000000c0       0x68 ./Core/Src/stm32g4xx_it.o
 .debug_aranges
                0x0000000000000128       0x28 ./Core/Src/system_stm32g4xx.o
 .debug_aranges
                0x0000000000000150       0x28 ./Core/Startup/startup_stm32g474retx.o
 .debug_aranges
                0x0000000000000178      0x130 ./Drivers/STM32G4xx_HAL_Driver/Src/stm32g4xx_hal.o
 .debug_aranges
                0x00000000000002a8      0x118 ./Drivers/STM32G4xx_HAL_Driver/Src/stm32g4xx_hal_cortex.o
 .debug_aranges
                0x00000000000003c0       0xc0 ./Drivers/STM32G4xx_HAL_Driver/Src/stm32g4xx_hal_dac.o
 .debug_aranges
                0x0000000000000480       0x58 ./Drivers/STM32G4xx_HAL_Driver/Src/stm32g4xx_hal_gpio.o
 .debug_aranges
                0x00000000000004d8      0x140 ./Drivers/STM32G4xx_HAL_Driver/Src/stm32g4xx_hal_pwr_ex.o
 .debug_aranges
                0x0000000000000618       0x98 ./Drivers/STM32G4xx_HAL_Driver/Src/stm32g4xx_hal_rcc.o
 .debug_aranges
                0x00000000000006b0       0xb0 ./Drivers/STM32G4xx_HAL_Driver/Src/stm32g4xx_hal_rcc_ex.o
 .debug_aranges
                0x0000000000000760      0x248 ./Drivers/STM32G4xx_HAL_Driver/Src/stm32g4xx_hal_uart.o
 .debug_aranges
                0x00000000000009a8       0xa0 ./Drivers/STM32G4xx_HAL_Driver/Src/stm32g4xx_hal_uart_ex.o

.debug_ranges   0x0000000000000000      0x990
 .debug_ranges  0x0000000000000000       0x20 ./Core/Src/main-ex1.o
 .debug_ranges  0x0000000000000020       0x30 ./Core/Src/nucleo_hal_bsp.o
 .debug_ranges  0x0000000000000050       0x40 ./Core/Src/stm32g4xx_hal_msp.o
 .debug_ranges  0x0000000000000090       0x58 ./Core/Src/stm32g4xx_it.o
 .debug_ranges  0x00000000000000e8       0x18 ./Core/Src/system_stm32g4xx.o
 .debug_ranges  0x0000000000000100       0x20 ./Core/Startup/startup_stm32g474retx.o
 .debug_ranges  0x0000000000000120      0x120 ./Drivers/STM32G4xx_HAL_Driver/Src/stm32g4xx_hal.o
 .debug_ranges  0x0000000000000240      0x108 ./Drivers/STM32G4xx_HAL_Driver/Src/stm32g4xx_hal_cortex.o
 .debug_ranges  0x0000000000000348       0xb0 ./Drivers/STM32G4xx_HAL_Driver/Src/stm32g4xx_hal_dac.o
 .debug_ranges  0x00000000000003f8       0x48 ./Drivers/STM32G4xx_HAL_Driver/Src/stm32g4xx_hal_gpio.o
 .debug_ranges  0x0000000000000440      0x130 ./Drivers/STM32G4xx_HAL_Driver/Src/stm32g4xx_hal_pwr_ex.o
 .debug_ranges  0x0000000000000570       0x88 ./Drivers/STM32G4xx_HAL_Driver/Src/stm32g4xx_hal_rcc.o
 .debug_ranges  0x00000000000005f8       0xa0 ./Drivers/STM32G4xx_HAL_Driver/Src/stm32g4xx_hal_rcc_ex.o
 .debug_ranges  0x0000000000000698      0x268 ./Drivers/STM32G4xx_HAL_Driver/Src/stm32g4xx_hal_uart.o
 .debug_ranges  0x0000000000000900       0x90 ./Drivers/STM32G4xx_HAL_Driver/Src/stm32g4xx_hal_uart_ex.o

.debug_macro    0x0000000000000000    0x25dc2
 .debug_macro   0x0000000000000000      0x2d6 ./Core/Src/main-ex1.o
 .debug_macro   0x00000000000002d6      0xaa8 ./Core/Src/main-ex1.o
 .debug_macro   0x0000000000000d7e      0x161 ./Core/Src/main-ex1.o
 .debug_macro   0x0000000000000edf       0x2e ./Core/Src/main-ex1.o
 .debug_macro   0x0000000000000f0d       0x28 ./Core/Src/main-ex1.o
 .debug_macro   0x0000000000000f35       0x22 ./Core/Src/main-ex1.o
 .debug_macro   0x0000000000000f57       0x8e ./Core/Src/main-ex1.o
 .debug_macro   0x0000000000000fe5       0x51 ./Core/Src/main-ex1.o
 .debug_macro   0x0000000000001036      0x103 ./Core/Src/main-ex1.o
 .debug_macro   0x0000000000001139       0x6a ./Core/Src/main-ex1.o
 .debug_macro   0x00000000000011a3      0x1df ./Core/Src/main-ex1.o
 .debug_macro   0x0000000000001382       0x1c ./Core/Src/main-ex1.o
 .debug_macro   0x000000000000139e       0x22 ./Core/Src/main-ex1.o
 .debug_macro   0x00000000000013c0      0x101 ./Core/Src/main-ex1.o
 .debug_macro   0x00000000000014c1     0x1011 ./Core/Src/main-ex1.o
 .debug_macro   0x00000000000024d2      0x11f ./Core/Src/main-ex1.o
 .debug_macro   0x00000000000025f1    0x18596 ./Core/Src/main-ex1.o
 .debug_macro   0x000000000001ab87       0x43 ./Core/Src/main-ex1.o
 .debug_macro   0x000000000001abca     0x34f4 ./Core/Src/main-ex1.o
 .debug_macro   0x000000000001e0be      0x174 ./Core/Src/main-ex1.o
 .debug_macro   0x000000000001e232       0x5c ./Core/Src/main-ex1.o
 .debug_macro   0x000000000001e28e     0x16e0 ./Core/Src/main-ex1.o
 .debug_macro   0x000000000001f96e      0x600 ./Core/Src/main-ex1.o
 .debug_macro   0x000000000001ff6e      0x137 ./Core/Src/main-ex1.o
 .debug_macro   0x00000000000200a5      0x34b ./Core/Src/main-ex1.o
 .debug_macro   0x00000000000203f0      0x53c ./Core/Src/main-ex1.o
 .debug_macro   0x000000000002092c      0x18b ./Core/Src/main-ex1.o
 .debug_macro   0x0000000000020ab7       0x43 ./Core/Src/main-ex1.o
 .debug_macro   0x0000000000020afa      0x23d ./Core/Src/main-ex1.o
 .debug_macro   0x0000000000020d37      0x202 ./Core/Src/main-ex1.o
 .debug_macro   0x0000000000020f39      0x107 ./Core/Src/main-ex1.o
 .debug_macro   0x0000000000021040      0x212 ./Core/Src/main-ex1.o
 .debug_macro   0x0000000000021252      0x45c ./Core/Src/main-ex1.o
 .debug_macro   0x00000000000216ae      0x11c ./Core/Src/main-ex1.o
 .debug_macro   0x00000000000217ca      0x122 ./Core/Src/main-ex1.o
 .debug_macro   0x00000000000218ec      0x3d1 ./Core/Src/main-ex1.o
 .debug_macro   0x0000000000021cbd      0xbef ./Core/Src/main-ex1.o
 .debug_macro   0x00000000000228ac      0x71a ./Core/Src/main-ex1.o
 .debug_macro   0x0000000000022fc6      0x67e ./Core/Src/main-ex1.o
 .debug_macro   0x0000000000023644       0xa6 ./Core/Src/main-ex1.o
 .debug_macro   0x00000000000236ea      0x359 ./Core/Src/main-ex1.o
 .debug_macro   0x0000000000023a43       0x52 ./Core/Src/main-ex1.o
 .debug_macro   0x0000000000023a95       0x18 ./Core/Src/main-ex1.o
 .debug_macro   0x0000000000023aad       0x3c ./Core/Src/main-ex1.o
 .debug_macro   0x0000000000023ae9       0x34 ./Core/Src/main-ex1.o
 .debug_macro   0x0000000000023b1d       0x16 ./Core/Src/main-ex1.o
 .debug_macro   0x0000000000023b33       0x43 ./Core/Src/main-ex1.o
 .debug_macro   0x0000000000023b76       0x34 ./Core/Src/main-ex1.o
 .debug_macro   0x0000000000023baa       0x10 ./Core/Src/main-ex1.o
 .debug_macro   0x0000000000023bba       0x58 ./Core/Src/main-ex1.o
 .debug_macro   0x0000000000023c12       0x71 ./Core/Src/main-ex1.o
 .debug_macro   0x0000000000023c83       0x1c ./Core/Src/main-ex1.o
 .debug_macro   0x0000000000023c9f      0x12a ./Core/Src/main-ex1.o
 .debug_macro   0x0000000000023dc9      0x333 ./Core/Src/main-ex1.o
 .debug_macro   0x00000000000240fc       0x10 ./Core/Src/main-ex1.o
 .debug_macro   0x000000000002410c       0x35 ./Core/Src/main-ex1.o
 .debug_macro   0x0000000000024141       0x20 ./Core/Src/main-ex1.o
 .debug_macro   0x0000000000024161      0x1a9 ./Core/Src/main-ex1.o
 .debug_macro   0x000000000002430a       0x58 ./Core/Src/main-ex1.o
 .debug_macro   0x0000000000024362      0x1eb ./Core/Src/nucleo_hal_bsp.o
 .debug_macro   0x000000000002454d      0x1f1 ./Core/Src/stm32g4xx_hal_msp.o
 .debug_macro   0x000000000002473e       0x52 ./Core/Src/stm32g4xx_hal_msp.o
 .debug_macro   0x0000000000024790      0x1fb ./Core/Src/stm32g4xx_it.o
 .debug_macro   0x000000000002498b      0x1e2 ./Core/Src/system_stm32g4xx.o
 .debug_macro   0x0000000000024b6d      0x230 ./Drivers/STM32G4xx_HAL_Driver/Src/stm32g4xx_hal.o
 .debug_macro   0x0000000000024d9d      0x1e2 ./Drivers/STM32G4xx_HAL_Driver/Src/stm32g4xx_hal_cortex.o
 .debug_macro   0x0000000000024f7f      0x1f8 ./Drivers/STM32G4xx_HAL_Driver/Src/stm32g4xx_hal_dac.o
 .debug_macro   0x0000000000025177      0x21a ./Drivers/STM32G4xx_HAL_Driver/Src/stm32g4xx_hal_gpio.o
 .debug_macro   0x0000000000025391      0x20c ./Drivers/STM32G4xx_HAL_Driver/Src/stm32g4xx_hal_pwr_ex.o
 .debug_macro   0x000000000002559d      0x21e ./Drivers/STM32G4xx_HAL_Driver/Src/stm32g4xx_hal_rcc.o
 .debug_macro   0x00000000000257bb      0x20c ./Drivers/STM32G4xx_HAL_Driver/Src/stm32g4xx_hal_rcc_ex.o
 .debug_macro   0x00000000000259c7      0x20d ./Drivers/STM32G4xx_HAL_Driver/Src/stm32g4xx_hal_uart.o
 .debug_macro   0x0000000000025bd4      0x1ee ./Drivers/STM32G4xx_HAL_Driver/Src/stm32g4xx_hal_uart_ex.o

.debug_line     0x0000000000000000     0xb6d7
 .debug_line    0x0000000000000000      0x95c ./Core/Src/main-ex1.o
 .debug_line    0x000000000000095c      0x84e ./Core/Src/nucleo_hal_bsp.o
 .debug_line    0x00000000000011aa      0x811 ./Core/Src/stm32g4xx_hal_msp.o
 .debug_line    0x00000000000019bb      0x81d ./Core/Src/stm32g4xx_it.o
 .debug_line    0x00000000000021d8      0x7ac ./Core/Src/system_stm32g4xx.o
 .debug_line    0x0000000000002984       0x89 ./Core/Startup/startup_stm32g474retx.o
 .debug_line    0x0000000000002a0d      0xb23 ./Drivers/STM32G4xx_HAL_Driver/Src/stm32g4xx_hal.o
 .debug_line    0x0000000000003530      0xcd6 ./Drivers/STM32G4xx_HAL_Driver/Src/stm32g4xx_hal_cortex.o
 .debug_line    0x0000000000004206      0xcca ./Drivers/STM32G4xx_HAL_Driver/Src/stm32g4xx_hal_dac.o
 .debug_line    0x0000000000004ed0      0xb70 ./Drivers/STM32G4xx_HAL_Driver/Src/stm32g4xx_hal_gpio.o
 .debug_line    0x0000000000005a40      0xcce ./Drivers/STM32G4xx_HAL_Driver/Src/stm32g4xx_hal_pwr_ex.o
 .debug_line    0x000000000000670e      0xf23 ./Drivers/STM32G4xx_HAL_Driver/Src/stm32g4xx_hal_rcc.o
 .debug_line    0x0000000000007631     0x1246 ./Drivers/STM32G4xx_HAL_Driver/Src/stm32g4xx_hal_rcc_ex.o
 .debug_line    0x0000000000008877     0x2182 ./Drivers/STM32G4xx_HAL_Driver/Src/stm32g4xx_hal_uart.o
 .debug_line    0x000000000000a9f9      0xcde ./Drivers/STM32G4xx_HAL_Driver/Src/stm32g4xx_hal_uart_ex.o

.debug_str      0x0000000000000000    0xf99c4
 .debug_str     0x0000000000000000    0xf60b8 ./Core/Src/main-ex1.o
                                      0xf64a4 (size before relaxing)
 .debug_str     0x00000000000f60b8      0xd3f ./Core/Src/nucleo_hal_bsp.o
                                      0xf34e7 (size before relaxing)
 .debug_str     0x00000000000f6df7      0x390 ./Core/Src/stm32g4xx_hal_msp.o
                                      0xf3064 (size before relaxing)
 .debug_str     0x00000000000f7187       0xd2 ./Core/Src/stm32g4xx_it.o
                                      0xf281e (size before relaxing)
 .debug_str     0x00000000000f7259       0xaf ./Core/Src/system_stm32g4xx.o
                                      0xf255b (size before relaxing)
 .debug_str     0x00000000000f7308       0x36 ./Core/Startup/startup_stm32g474retx.o
                                         0x84 (size before relaxing)
 .debug_str     0x00000000000f733e      0x58d ./Drivers/STM32G4xx_HAL_Driver/Src/stm32g4xx_hal.o
                                      0xf3203 (size before relaxing)
 .debug_str     0x00000000000f78cb      0x389 ./Drivers/STM32G4xx_HAL_Driver/Src/stm32g4xx_hal_cortex.o
                                      0xf2f0b (size before relaxing)
 .debug_str     0x00000000000f7c54      0x245 ./Drivers/STM32G4xx_HAL_Driver/Src/stm32g4xx_hal_dac.o
                                      0xf2b66 (size before relaxing)
 .debug_str     0x00000000000f7e99      0x238 ./Drivers/STM32G4xx_HAL_Driver/Src/stm32g4xx_hal_gpio.o
                                      0xf27cb (size before relaxing)
 .debug_str     0x00000000000f80d1      0x4d2 ./Drivers/STM32G4xx_HAL_Driver/Src/stm32g4xx_hal_pwr_ex.o
                                      0xf2a51 (size before relaxing)
 .debug_str     0x00000000000f85a3      0x3d1 ./Drivers/STM32G4xx_HAL_Driver/Src/stm32g4xx_hal_rcc.o
                                      0xf2afd (size before relaxing)
 .debug_str     0x00000000000f8974      0x3fb ./Drivers/STM32G4xx_HAL_Driver/Src/stm32g4xx_hal_rcc_ex.o
                                      0xf2c3f (size before relaxing)
 .debug_str     0x00000000000f8d6f      0x970 ./Drivers/STM32G4xx_HAL_Driver/Src/stm32g4xx_hal_uart.o
                                      0xf33ae (size before relaxing)
 .debug_str     0x00000000000f96df      0x2e5 ./Drivers/STM32G4xx_HAL_Driver/Src/stm32g4xx_hal_uart_ex.o
                                      0xf2bdd (size before relaxing)

.comment        0x0000000000000000       0x53
 .comment       0x0000000000000000       0x53 ./Core/Src/main-ex1.o
                                         0x54 (size before relaxing)
 .comment       0x0000000000000053       0x54 ./Core/Src/nucleo_hal_bsp.o
 .comment       0x0000000000000053       0x54 ./Core/Src/stm32g4xx_hal_msp.o
 .comment       0x0000000000000053       0x54 ./Core/Src/stm32g4xx_it.o
 .comment       0x0000000000000053       0x54 ./Core/Src/system_stm32g4xx.o
 .comment       0x0000000000000053       0x54 ./Drivers/STM32G4xx_HAL_Driver/Src/stm32g4xx_hal.o
 .comment       0x0000000000000053       0x54 ./Drivers/STM32G4xx_HAL_Driver/Src/stm32g4xx_hal_cortex.o
 .comment       0x0000000000000053       0x54 ./Drivers/STM32G4xx_HAL_Driver/Src/stm32g4xx_hal_dac.o
 .comment       0x0000000000000053       0x54 ./Drivers/STM32G4xx_HAL_Driver/Src/stm32g4xx_hal_gpio.o
 .comment       0x0000000000000053       0x54 ./Drivers/STM32G4xx_HAL_Driver/Src/stm32g4xx_hal_pwr_ex.o
 .comment       0x0000000000000053       0x54 ./Drivers/STM32G4xx_HAL_Driver/Src/stm32g4xx_hal_rcc.o
 .comment       0x0000000000000053       0x54 ./Drivers/STM32G4xx_HAL_Driver/Src/stm32g4xx_hal_rcc_ex.o
 .comment       0x0000000000000053       0x54 ./Drivers/STM32G4xx_HAL_Driver/Src/stm32g4xx_hal_uart.o
 .comment       0x0000000000000053       0x54 ./Drivers/STM32G4xx_HAL_Driver/Src/stm32g4xx_hal_uart_ex.o

.debug_frame    0x0000000000000000     0x2910
 .debug_frame   0x0000000000000000       0x6c ./Core/Src/main-ex1.o
 .debug_frame   0x000000000000006c       0xbc ./Core/Src/nucleo_hal_bsp.o
 .debug_frame   0x0000000000000128      0x114 ./Core/Src/stm32g4xx_hal_msp.o
 .debug_frame   0x000000000000023c      0x120 ./Core/Src/stm32g4xx_it.o
 .debug_frame   0x000000000000035c       0x58 ./Core/Src/system_stm32g4xx.o
 .debug_frame   0x00000000000003b4      0x4a0 ./Drivers/STM32G4xx_HAL_Driver/Src/stm32g4xx_hal.o
 .debug_frame   0x0000000000000854      0x498 ./Drivers/STM32G4xx_HAL_Driver/Src/stm32g4xx_hal_cortex.o
 .debug_frame   0x0000000000000cec      0x330 ./Drivers/STM32G4xx_HAL_Driver/Src/stm32g4xx_hal_dac.o
 .debug_frame   0x000000000000101c      0x14c ./Drivers/STM32G4xx_HAL_Driver/Src/stm32g4xx_hal_gpio.o
 .debug_frame   0x0000000000001168      0x4fc ./Drivers/STM32G4xx_HAL_Driver/Src/stm32g4xx_hal_pwr_ex.o
 .debug_frame   0x0000000000001664      0x23c ./Drivers/STM32G4xx_HAL_Driver/Src/stm32g4xx_hal_rcc.o
 .debug_frame   0x00000000000018a0      0x2ac ./Drivers/STM32G4xx_HAL_Driver/Src/stm32g4xx_hal_rcc_ex.o
 .debug_frame   0x0000000000001b4c      0xa7c ./Drivers/STM32G4xx_HAL_Driver/Src/stm32g4xx_hal_uart.o
 .debug_frame   0x00000000000025c8      0x29c ./Drivers/STM32G4xx_HAL_Driver/Src/stm32g4xx_hal_uart_ex.o
 .debug_frame   0x0000000000002864       0x2c /Applications/STM32CubeIDE.app/Contents/Eclipse/plugins/com.st.stm32cube.ide.mcu.externaltools.gnu-tools-for-stm32.9-2020-q2-update.macos64_2.0.0.202105311346/tools/bin/../lib/gcc/arm-none-eabi/9.3.1/../../../../arm-none-eabi/lib/thumb/v7e-m+fp/hard/libc_nano.a(lib_a-init.o)
 .debug_frame   0x0000000000002890       0x20 /Applications/STM32CubeIDE.app/Contents/Eclipse/plugins/com.st.stm32cube.ide.mcu.externaltools.gnu-tools-for-stm32.9-2020-q2-update.macos64_2.0.0.202105311346/tools/bin/../lib/gcc/arm-none-eabi/9.3.1/../../../../arm-none-eabi/lib/thumb/v7e-m+fp/hard/libc_nano.a(lib_a-memset.o)
 .debug_frame   0x00000000000028b0       0x2c /Applications/STM32CubeIDE.app/Contents/Eclipse/plugins/com.st.stm32cube.ide.mcu.externaltools.gnu-tools-for-stm32.9-2020-q2-update.macos64_2.0.0.202105311346/tools/bin/../lib/gcc/arm-none-eabi/9.3.1/thumb/v7e-m+fp/hard/libgcc.a(_aeabi_uldivmod.o)
 .debug_frame   0x00000000000028dc       0x34 /Applications/STM32CubeIDE.app/Contents/Eclipse/plugins/com.st.stm32cube.ide.mcu.externaltools.gnu-tools-for-stm32.9-2020-q2-update.macos64_2.0.0.202105311346/tools/bin/../lib/gcc/arm-none-eabi/9.3.1/thumb/v7e-m+fp/hard/libgcc.a(_udivmoddi4.o)
