stm32l1xx_hal_uart.c:351:19:HAL_UART_Init	16	static
stm32l1xx_hal_uart.c:426:19:HAL_HalfDuplex_Init	16	static
stm32l1xx_hal_uart.c:499:19:HAL_LIN_Init	16	static
stm32l1xx_hal_uart.c:580:19:HAL_MultiProcessor_Init	24	static
stm32l1xx_hal_uart.c:657:19:HAL_UART_DeInit	16	static
stm32l1xx_hal_uart.c:702:13:HAL_UART_MspInit	16	static
stm32l1xx_hal_uart.c:717:13:HAL_UART_MspDeInit	16	static
stm32l1xx_hal_uart.c:1127:19:HAL_UART_Transmit	48	static
stm32l1xx_hal_uart.c:1215:19:HAL_UART_Receive	48	static
stm32l1xx_hal_uart.c:1306:19:HAL_UART_Transmit_IT	24	static
stm32l1xx_hal_uart.c:1351:19:HAL_UART_Receive_IT	24	static
stm32l1xx_hal_uart.c:1386:19:HAL_UART_Transmit_DMA	32	static
stm32l1xx_hal_uart.c:1454:19:HAL_UART_Receive_DMA	24	static
stm32l1xx_hal_uart.c:1484:19:HAL_UART_DMAPause	24	static
stm32l1xx_hal_uart.c:1521:19:HAL_UART_DMAResume	24	static
stm32l1xx_hal_uart.c:1557:19:HAL_UART_DMAStop	24	static
stm32l1xx_hal_uart.c:1612:19:HAL_UARTEx_ReceiveToIdle	40	static
stm32l1xx_hal_uart.c:1738:19:HAL_UARTEx_ReceiveToIdle_IT	32	static
stm32l1xx_hal_uart.c:1799:19:HAL_UARTEx_ReceiveToIdle_DMA	32	static
stm32l1xx_hal_uart.c:1856:19:HAL_UART_Abort	16	static
stm32l1xx_hal_uart.c:1945:19:HAL_UART_AbortTransmit	16	static
stm32l1xx_hal_uart.c:1996:19:HAL_UART_AbortReceive	16	static
stm32l1xx_hal_uart.c:2057:19:HAL_UART_Abort_IT	24	static
stm32l1xx_hal_uart.c:2192:19:HAL_UART_AbortTransmit_IT	16	static
stm32l1xx_hal_uart.c:2269:19:HAL_UART_AbortReceive_IT	16	static
stm32l1xx_hal_uart.c:2347:6:HAL_UART_IRQHandler	48	static
stm32l1xx_hal_uart.c:2577:13:HAL_UART_TxCpltCallback	16	static
stm32l1xx_hal_uart.c:2592:13:HAL_UART_TxHalfCpltCallback	16	static
stm32l1xx_hal_uart.c:2607:13:HAL_UART_RxCpltCallback	16	static
stm32l1xx_hal_uart.c:2622:13:HAL_UART_RxHalfCpltCallback	16	static
stm32l1xx_hal_uart.c:2637:13:HAL_UART_ErrorCallback	16	static
stm32l1xx_hal_uart.c:2651:13:HAL_UART_AbortCpltCallback	16	static
stm32l1xx_hal_uart.c:2666:13:HAL_UART_AbortTransmitCpltCallback	16	static
stm32l1xx_hal_uart.c:2681:13:HAL_UART_AbortReceiveCpltCallback	16	static
stm32l1xx_hal_uart.c:2698:13:HAL_UARTEx_RxEventCallback	16	static
stm32l1xx_hal_uart.c:2738:19:HAL_LIN_SendBreak	16	static
stm32l1xx_hal_uart.c:2765:19:HAL_MultiProcessor_EnterMuteMode	16	static
stm32l1xx_hal_uart.c:2792:19:HAL_MultiProcessor_ExitMuteMode	16	static
stm32l1xx_hal_uart.c:2819:19:HAL_HalfDuplex_EnableTransmitter	24	static
stm32l1xx_hal_uart.c:2854:19:HAL_HalfDuplex_EnableReceiver	24	static
stm32l1xx_hal_uart.c:2911:23:HAL_UART_GetState	24	static
stm32l1xx_hal_uart.c:2926:10:HAL_UART_GetError	16	static
stm32l1xx_hal_uart.c:2971:13:UART_DMATransmitCplt	24	static
stm32l1xx_hal_uart.c:3006:13:UART_DMATxHalfCplt	24	static
stm32l1xx_hal_uart.c:3025:13:UART_DMAReceiveCplt	24	static
stm32l1xx_hal_uart.c:3082:13:UART_DMARxHalfCplt	24	static
stm32l1xx_hal_uart.c:3117:13:UART_DMAError	24	static
stm32l1xx_hal_uart.c:3158:26:UART_WaitOnFlagUntilTimeout	24	static
stm32l1xx_hal_uart.c:3196:19:UART_Start_Receive_IT	24	static
stm32l1xx_hal_uart.c:3231:19:UART_Start_Receive_DMA	32	static
stm32l1xx_hal_uart.c:3281:13:UART_EndTxTransfer	16	static
stm32l1xx_hal_uart.c:3295:13:UART_EndRxTransfer	16	static
stm32l1xx_hal_uart.c:3319:13:UART_DMAAbortOnError	24	static
stm32l1xx_hal_uart.c:3343:13:UART_DMATxAbortCallback	24	static
stm32l1xx_hal_uart.c:3389:13:UART_DMARxAbortCallback	24	static
stm32l1xx_hal_uart.c:3435:13:UART_DMATxOnlyAbortCallback	24	static
stm32l1xx_hal_uart.c:3463:13:UART_DMARxOnlyAbortCallback	24	static
stm32l1xx_hal_uart.c:3489:26:UART_Transmit_IT	24	static
stm32l1xx_hal_uart.c:3529:26:UART_EndTransmit_IT	16	static
stm32l1xx_hal_uart.c:3554:26:UART_Receive_IT	32	static
stm32l1xx_hal_uart.c:3652:13:UART_SetConfig	24	static
